#-----------------------------------------------------------
# Webtalk v2016.4 (64-bit)
# SW Build 1733598 on Wed Dec 14 22:35:42 MST 2016
# IP Build 1731160 on Wed Dec 14 23:47:21 MST 2016
# Start of session at: Tue Jun  6 18:38:53 2017
# Process ID: 13583
# Current directory: /home/patmos/github/bachelor_project_HLS/hls/tacle-bench/kernel/matrix1_float_parametric/hls_matmul_float/solution1/sim/verilog
# Command line: wbtcv -mode batch -source /home/patmos/github/bachelor_project_HLS/hls/tacle-bench/kernel/matrix1_float_parametric/hls_matmul_float/solution1/sim/verilog/xsim.dir/matmul_hw/webtalk/xsim_webtalk.tcl -notrace
# Log file: /home/patmos/github/bachelor_project_HLS/hls/tacle-bench/kernel/matrix1_float_parametric/hls_matmul_float/solution1/sim/verilog/webtalk.log
# Journal file: /home/patmos/github/bachelor_project_HLS/hls/tacle-bench/kernel/matrix1_float_parametric/hls_matmul_float/solution1/sim/verilog/webtalk.jou
#-----------------------------------------------------------
source /home/patmos/github/bachelor_project_HLS/hls/tacle-bench/kernel/matrix1_float_parametric/hls_matmul_float/solution1/sim/verilog/xsim.dir/matmul_hw/webtalk/xsim_webtalk.tcl -notrace
