

================================================================
== Vivado HLS Report for 'matmul_hw'
================================================================
* Date:           Tue Jun  6 18:41:05 2017

* Version:        2016.4 (Build 1733598 on Wed Dec 14 22:59:20 MST 2016)
* Project:        hls_matmul_float
* Solution:       solution1
* Product family: artix7
* Target device:  xc7a100tcsg324-1


================================================================
== Performance Estimates
================================================================
+ Timing (ns): 
    * Summary: 
    +--------+-------+----------+------------+
    |  Clock | Target| Estimated| Uncertainty|
    +--------+-------+----------+------------+
    |ap_clk  |  10.00|      9.44|        1.25|
    +--------+-------+----------+------------+

+ Latency (clock cycles): 
    * Summary: 
    +-----+-------+-----+-------+---------+
    |   Latency   |   Interval  | Pipeline|
    | min |  max  | min |  max  |   Type  |
    +-----+-------+-----+-------+---------+
    |   69|  38117|   70|  38118|   none  |
    +-----+-------+-----+-------+---------+

    + Detail: 
        * Instance: 
        N/A

        * Loop: 
        +-------------+------+-------+----------+-----------+-----------+------+----------+
        |             |    Latency   | Iteration|  Initiation Interval  | Trip |          |
        |  Loop Name  |  min |  max  |  Latency |  achieved |   target  | Count| Pipelined|
        +-------------+------+-------+----------+-----------+-----------+------+----------+
        |- Loop 1     |    64|  38112| 2 ~ 1191 |          -|          -|    32|    no    |
        | + Loop 1.1  |  1188|   1188|       197|         32|          1|    32|    yes   |
        +-------------+------+-------+----------+-----------+-----------+------+----------+



================================================================
== Utilization Estimates
================================================================
* Summary: 
+-----------------+---------+-------+--------+-------+
|       Name      | BRAM_18K| DSP48E|   FF   |  LUT  |
+-----------------+---------+-------+--------+-------+
|DSP              |        -|      -|       -|      -|
|Expression       |        -|      -|       0|   2329|
|FIFO             |        -|      -|       -|      -|
|Instance         |        -|      5|     348|    345|
|Memory           |        -|      -|       -|      -|
|Multiplexer      |        -|      -|       -|   1499|
|Register         |        -|      -|    3198|    610|
+-----------------+---------+-------+--------+-------+
|Total            |        0|      5|    3546|   4783|
+-----------------+---------+-------+--------+-------+
|Available        |      270|    240|  126800|  63400|
+-----------------+---------+-------+--------+-------+
|Utilization (%)  |        0|      2|       2|      7|
+-----------------+---------+-------+--------+-------+

+ Detail: 
    * Instance: 
    +-------------------------+----------------------+---------+-------+-----+-----+
    |         Instance        |        Module        | BRAM_18K| DSP48E|  FF | LUT |
    +-------------------------+----------------------+---------+-------+-----+-----+
    |matmul_hw_fadd_32bkb_U1  |matmul_hw_fadd_32bkb  |        0|      2|  205|  205|
    |matmul_hw_fmul_32cud_U2  |matmul_hw_fmul_32cud  |        0|      3|  143|  140|
    +-------------------------+----------------------+---------+-------+-----+-----+
    |Total                    |                      |        0|      5|  348|  345|
    +-------------------------+----------------------+---------+-------+-----+-----+

    * DSP48: 
    N/A

    * Memory: 
    N/A

    * FIFO: 
    N/A

    * Expression: 
    +------------------------------+----------+-------+---+----+------------+------------+
    |         Variable Name        | Operation| DSP48E| FF| LUT| Bitwidth P0| Bitwidth P1|
    +------------------------------+----------+-------+---+----+------------+------------+
    |i_1_fu_1844_p2                |     +    |      0|  0|   6|           6|           1|
    |k_1_fu_1503_p2                |     +    |      0|  0|   6|           6|           1|
    |next_mul_fu_1492_p2           |     +    |      0|  0|  32|          32|          32|
    |p_a_1_addr_rec_10_fu_1043_p2  |     +    |      0|  0|   4|           4|           4|
    |p_a_1_addr_rec_11_fu_1053_p2  |     +    |      0|  0|   4|           4|           4|
    |p_a_1_addr_rec_12_fu_1063_p2  |     +    |      0|  0|   4|           4|           4|
    |p_a_1_addr_rec_13_fu_1076_p2  |     +    |      0|  0|   5|           5|           5|
    |p_a_1_addr_rec_14_fu_1086_p2  |     +    |      0|  0|   5|           5|           5|
    |p_a_1_addr_rec_15_fu_1120_p2  |     +    |      0|  0|   5|           5|           5|
    |p_a_1_addr_rec_16_fu_1128_p2  |     +    |      0|  0|   5|           5|           5|
    |p_a_1_addr_rec_17_fu_1138_p2  |     +    |      0|  0|   5|           5|           5|
    |p_a_1_addr_rec_18_fu_1148_p2  |     +    |      0|  0|   5|           5|           5|
    |p_a_1_addr_rec_19_fu_1158_p2  |     +    |      0|  0|   5|           5|           5|
    |p_a_1_addr_rec_1_fu_1033_p2   |     +    |      0|  0|   4|           4|           4|
    |p_a_1_addr_rec_20_fu_1192_p2  |     +    |      0|  0|   5|           5|           5|
    |p_a_1_addr_rec_21_fu_1200_p2  |     +    |      0|  0|   5|           5|           5|
    |p_a_1_addr_rec_22_fu_1210_p2  |     +    |      0|  0|   5|           5|           5|
    |p_a_1_addr_rec_23_fu_1220_p2  |     +    |      0|  0|   5|           5|           5|
    |p_a_1_addr_rec_24_fu_1230_p2  |     +    |      0|  0|   5|           5|           5|
    |p_a_1_addr_rec_25_fu_1413_p2  |     +    |      0|  0|   5|           5|           5|
    |p_a_1_addr_rec_26_fu_1429_p2  |     +    |      0|  0|   5|           5|           5|
    |p_a_1_addr_rec_27_fu_1447_p2  |     +    |      0|  0|   5|           5|           5|
    |p_a_1_addr_rec_28_fu_1465_p2  |     +    |      0|  0|   5|           5|           5|
    |p_a_1_addr_rec_29_fu_1486_p2  |     +    |      0|  0|   6|           6|           6|
    |p_a_1_addr_rec_2_fu_900_p2    |     +    |      0|  0|   2|           2|           2|
    |p_a_1_addr_rec_3_fu_914_p2    |     +    |      0|  0|   3|           3|           3|
    |p_a_1_addr_rec_4_fu_924_p2    |     +    |      0|  0|   3|           3|           3|
    |p_a_1_addr_rec_5_fu_934_p2    |     +    |      0|  0|   3|           3|           3|
    |p_a_1_addr_rec_6_fu_944_p2    |     +    |      0|  0|   3|           3|           3|
    |p_a_1_addr_rec_7_fu_996_p2    |     +    |      0|  0|   4|           4|           4|
    |p_a_1_addr_rec_8_fu_1005_p2   |     +    |      0|  0|   4|           4|           4|
    |p_a_1_addr_rec_9_fu_1014_p2   |     +    |      0|  0|   4|           4|           4|
    |p_a_1_addr_rec_s_fu_1023_p2   |     +    |      0|  0|   4|           4|           4|
    |p_a_311_rec_fu_2193_p2        |     +    |      0|  0|  11|          11|          11|
    |p_a_sum10_fu_1965_p2          |     +    |      0|  0|  11|          11|          11|
    |p_a_sum11_fu_1975_p2          |     +    |      0|  0|  11|          11|          11|
    |p_a_sum12_fu_1985_p2          |     +    |      0|  0|  11|          11|          11|
    |p_a_sum13_fu_1995_p2          |     +    |      0|  0|  11|          11|          11|
    |p_a_sum14_fu_2012_p2          |     +    |      0|  0|  11|          11|          11|
    |p_a_sum15_fu_2022_p2          |     +    |      0|  0|  11|          11|          11|
    |p_a_sum16_fu_2032_p2          |     +    |      0|  0|  11|          11|          11|
    |p_a_sum17_fu_2042_p2          |     +    |      0|  0|  11|          11|          11|
    |p_a_sum18_fu_2052_p2          |     +    |      0|  0|  11|          11|          11|
    |p_a_sum19_fu_2062_p2          |     +    |      0|  0|  11|          11|          11|
    |p_a_sum1_fu_1875_p2           |     +    |      0|  0|  11|          11|          11|
    |p_a_sum20_fu_2078_p2          |     +    |      0|  0|  11|          11|          11|
    |p_a_sum21_fu_2088_p2          |     +    |      0|  0|  11|          11|          11|
    |p_a_sum22_fu_2098_p2          |     +    |      0|  0|  11|          11|          11|
    |p_a_sum23_fu_2108_p2          |     +    |      0|  0|  11|          11|          11|
    |p_a_sum24_fu_2118_p2          |     +    |      0|  0|  11|          11|          11|
    |p_a_sum25_fu_2128_p2          |     +    |      0|  0|  11|          11|          11|
    |p_a_sum26_fu_2144_p2          |     +    |      0|  0|  11|          11|          11|
    |p_a_sum27_fu_2154_p2          |     +    |      0|  0|  11|          11|          11|
    |p_a_sum28_fu_2164_p2          |     +    |      0|  0|  11|          11|          11|
    |p_a_sum29_fu_2174_p2          |     +    |      0|  0|  11|          11|          11|
    |p_a_sum2_fu_1885_p2           |     +    |      0|  0|  11|          11|          11|
    |p_a_sum30_fu_2184_p2          |     +    |      0|  0|  11|          11|          11|
    |p_a_sum3_fu_1895_p2           |     +    |      0|  0|  11|          11|          11|
    |p_a_sum4_fu_1905_p2           |     +    |      0|  0|  11|          11|          11|
    |p_a_sum5_fu_1915_p2           |     +    |      0|  0|  11|          11|          11|
    |p_a_sum6_fu_1925_p2           |     +    |      0|  0|  11|          11|          11|
    |p_a_sum7_fu_1935_p2           |     +    |      0|  0|  11|          11|          11|
    |p_a_sum8_fu_1945_p2           |     +    |      0|  0|  11|          11|          11|
    |p_a_sum9_fu_1955_p2           |     +    |      0|  0|  11|          11|          11|
    |p_a_sum_fu_1864_p2            |     +    |      0|  0|  11|          11|           1|
    |p_b2_sum_10_fu_1628_p2        |     +    |      0|  0|  12|          12|          12|
    |p_b2_sum_11_fu_1638_p2        |     +    |      0|  0|  12|          12|          12|
    |p_b2_sum_12_fu_1648_p2        |     +    |      0|  0|  12|          12|          12|
    |p_b2_sum_13_fu_1658_p2        |     +    |      0|  0|  12|          12|          12|
    |p_b2_sum_14_fu_1668_p2        |     +    |      0|  0|  12|          12|          12|
    |p_b2_sum_15_fu_1678_p2        |     +    |      0|  0|  12|          12|          12|
    |p_b2_sum_16_fu_1688_p2        |     +    |      0|  0|  12|          12|          12|
    |p_b2_sum_17_fu_1698_p2        |     +    |      0|  0|  12|          12|          12|
    |p_b2_sum_18_fu_1708_p2        |     +    |      0|  0|  12|          12|          12|
    |p_b2_sum_19_fu_1718_p2        |     +    |      0|  0|  12|          12|          12|
    |p_b2_sum_1_fu_1527_p2         |     +    |      0|  0|  12|           1|          12|
    |p_b2_sum_20_fu_1728_p2        |     +    |      0|  0|  12|          12|          12|
    |p_b2_sum_21_fu_1738_p2        |     +    |      0|  0|  12|          12|          12|
    |p_b2_sum_22_fu_1748_p2        |     +    |      0|  0|  12|          12|          12|
    |p_b2_sum_23_fu_1758_p2        |     +    |      0|  0|  12|          12|          12|
    |p_b2_sum_24_fu_1768_p2        |     +    |      0|  0|  12|          12|          12|
    |p_b2_sum_25_fu_1778_p2        |     +    |      0|  0|  12|          12|          12|
    |p_b2_sum_26_fu_1788_p2        |     +    |      0|  0|  12|          12|          12|
    |p_b2_sum_27_fu_1798_p2        |     +    |      0|  0|  12|          12|          12|
    |p_b2_sum_28_fu_1808_p2        |     +    |      0|  0|  12|          12|          12|
    |p_b2_sum_29_fu_1818_p2        |     +    |      0|  0|  12|          12|          12|
    |p_b2_sum_2_fu_1538_p2         |     +    |      0|  0|  12|          12|          12|
    |p_b2_sum_30_fu_1828_p2        |     +    |      0|  0|  12|          12|          12|
    |p_b2_sum_3_fu_1548_p2         |     +    |      0|  0|  12|          12|          12|
    |p_b2_sum_4_fu_1558_p2         |     +    |      0|  0|  12|          12|          12|
    |p_b2_sum_5_fu_1568_p2         |     +    |      0|  0|  12|          12|          12|
    |p_b2_sum_6_fu_1578_p2         |     +    |      0|  0|  12|          12|          12|
    |p_b2_sum_7_fu_1588_p2         |     +    |      0|  0|  12|          12|          12|
    |p_b2_sum_8_fu_1598_p2         |     +    |      0|  0|  12|          12|          12|
    |p_b2_sum_9_fu_1608_p2         |     +    |      0|  0|  12|          12|          12|
    |p_b2_sum_s_fu_1618_p2         |     +    |      0|  0|  12|          12|          12|
    |p_c_1_idx5_fu_2376_p2         |     +    |      0|  0|  64|          64|           1|
    |ap_condition_2845             |    and   |      0|  0|   1|           1|           1|
    |ap_condition_2849             |    and   |      0|  0|   1|           1|           1|
    |exitcond1_fu_1838_p2          |   icmp   |      0|  0|   3|           6|           7|
    |exitcond2_fu_1497_p2          |   icmp   |      0|  0|   3|           6|           7|
    |icmp1_fu_866_p2               |   icmp   |      0|  0|  10|          28|           1|
    |icmp2_fu_882_p2               |   icmp   |      0|  0|   9|          27|           1|
    |icmp4_fu_798_p2               |   icmp   |      0|  0|  10|          30|           1|
    |icmp7_fu_832_p2               |   icmp   |      0|  0|  10|          29|           1|
    |icmp_fu_776_p2                |   icmp   |      0|  0|  11|          31|           1|
    |tmp_4_fu_1859_p2              |   icmp   |      0|  0|  11|          32|          32|
    |tmp_7_10_fu_970_p2            |   icmp   |      0|  0|  11|          32|           4|
    |tmp_7_11_fu_975_p2            |   icmp   |      0|  0|  11|          32|           5|
    |tmp_7_12_fu_980_p2            |   icmp   |      0|  0|  11|          32|           5|
    |tmp_7_13_fu_985_p2            |   icmp   |      0|  0|  11|          32|           5|
    |tmp_7_14_fu_1092_p2           |   icmp   |      0|  0|  11|          32|           5|
    |tmp_7_15_fu_1097_p2           |   icmp   |      0|  0|  11|          32|           5|
    |tmp_7_16_fu_1102_p2           |   icmp   |      0|  0|  11|          32|           5|
    |tmp_7_17_fu_1107_p2           |   icmp   |      0|  0|  11|          32|           5|
    |tmp_7_18_fu_1112_p2           |   icmp   |      0|  0|  11|          32|           5|
    |tmp_7_19_fu_1164_p2           |   icmp   |      0|  0|  11|          32|           5|
    |tmp_7_1_fu_955_p2             |   icmp   |      0|  0|  11|          32|           4|
    |tmp_7_20_fu_1169_p2           |   icmp   |      0|  0|  11|          32|           5|
    |tmp_7_21_fu_1174_p2           |   icmp   |      0|  0|  11|          32|           5|
    |tmp_7_22_fu_1179_p2           |   icmp   |      0|  0|  11|          32|           5|
    |tmp_7_23_fu_1184_p2           |   icmp   |      0|  0|  11|          32|           5|
    |tmp_7_24_fu_1236_p2           |   icmp   |      0|  0|  11|          32|           5|
    |tmp_7_25_fu_1241_p2           |   icmp   |      0|  0|  11|          32|           5|
    |tmp_7_2_fu_782_p2             |   icmp   |      0|  0|  11|          32|           2|
    |tmp_7_3_fu_960_p2             |   icmp   |      0|  0|  11|          32|           4|
    |tmp_7_4_fu_804_p2             |   icmp   |      0|  0|  11|          32|           3|
    |tmp_7_5_fu_810_p2             |   icmp   |      0|  0|  11|          32|           3|
    |tmp_7_6_fu_816_p2             |   icmp   |      0|  0|  11|          32|           3|
    |tmp_7_7_fu_965_p2             |   icmp   |      0|  0|  11|          32|           4|
    |tmp_7_8_fu_838_p2             |   icmp   |      0|  0|  11|          32|           4|
    |tmp_7_9_fu_844_p2             |   icmp   |      0|  0|  11|          32|           4|
    |tmp_7_s_fu_850_p2             |   icmp   |      0|  0|  11|          32|           4|
    |tmp_fu_1513_p2                |   icmp   |      0|  0|  11|          32|          32|
    |c_Din_A                       |  select  |      0|  0|  32|           1|          32|
    |p_b_1_cast1_cast_fu_1246_p3   |  select  |      0|  0|   2|           1|           2|
    |p_b_1_cast_cast_fu_1253_p3    |  select  |      0|  0|   2|           1|           2|
    |p_b_1_fu_888_p3               |  select  |      0|  0|   3|           1|           3|
    |tmp_1_10_fu_2245_p3           |  select  |      0|  0|  32|           1|          32|
    |tmp_1_11_fu_2251_p3           |  select  |      0|  0|  32|           1|          32|
    |tmp_1_12_fu_2257_p3           |  select  |      0|  0|  32|           1|          32|
    |tmp_1_13_fu_2263_p3           |  select  |      0|  0|  32|           1|          32|
    |tmp_1_14_fu_2269_p3           |  select  |      0|  0|  32|           1|          32|
    |tmp_1_15_fu_2275_p3           |  select  |      0|  0|  32|           1|          32|
    |tmp_1_16_fu_2281_p3           |  select  |      0|  0|  32|           1|          32|
    |tmp_1_17_fu_2287_p3           |  select  |      0|  0|  32|           1|          32|
    |tmp_1_18_fu_2293_p3           |  select  |      0|  0|  32|           1|          32|
    |tmp_1_19_fu_2299_p3           |  select  |      0|  0|  32|           1|          32|
    |tmp_1_1_fu_2005_p3            |  select  |      0|  0|  32|           1|          32|
    |tmp_1_20_fu_2305_p3           |  select  |      0|  0|  32|           1|          32|
    |tmp_1_21_fu_2311_p3           |  select  |      0|  0|  32|           1|          32|
    |tmp_1_22_fu_2317_p3           |  select  |      0|  0|  32|           1|          32|
    |tmp_1_23_fu_2323_p3           |  select  |      0|  0|  32|           1|          32|
    |tmp_1_24_fu_2329_p3           |  select  |      0|  0|  32|           1|          32|
    |tmp_1_25_fu_2335_p3           |  select  |      0|  0|  32|           1|          32|
    |tmp_1_26_fu_2341_p3           |  select  |      0|  0|  32|           1|          32|
    |tmp_1_27_fu_2347_p3           |  select  |      0|  0|  32|           1|          32|
    |tmp_1_28_fu_2353_p3           |  select  |      0|  0|  32|           1|          32|
    |tmp_1_29_fu_2359_p3           |  select  |      0|  0|  32|           1|          32|
    |tmp_1_2_fu_2072_p3            |  select  |      0|  0|  32|           1|          32|
    |tmp_1_3_fu_2138_p3            |  select  |      0|  0|  32|           1|          32|
    |tmp_1_4_fu_2203_p3            |  select  |      0|  0|  32|           1|          32|
    |tmp_1_5_fu_2209_p3            |  select  |      0|  0|  32|           1|          32|
    |tmp_1_6_fu_2215_p3            |  select  |      0|  0|  32|           1|          32|
    |tmp_1_7_fu_2221_p3            |  select  |      0|  0|  32|           1|          32|
    |tmp_1_8_fu_2227_p3            |  select  |      0|  0|  32|           1|          32|
    |tmp_1_9_fu_2233_p3            |  select  |      0|  0|  32|           1|          32|
    |tmp_1_s_fu_2239_p3            |  select  |      0|  0|  32|           1|          32|
    +------------------------------+----------+-------+---+----+------------+------------+
    |Total                         |          |      0|  0|2329|        2042|        2079|
    +------------------------------+----------+-------+---+----+------------+------------+

    * Multiplexer: 
    +----------------------------------------------+-----+-----------+-----+-----------+
    |                     Name                     | LUT | Input Size| Bits| Total Bits|
    +----------------------------------------------+-----+-----------+-----+-----------+
    |a_Addr_A_orig                                 |  320|         33|   32|       1056|
    |ap_NS_fsm                                     |   72|         40|    1|         40|
    |ap_enable_reg_pp0_iter6                       |    1|          2|    1|          2|
    |ap_phi_precharge_reg_pp0_iter0_p_a_s_reg_705  |    6|          2|    6|         12|
    |b_Addr_A_orig                                 |  320|         33|   32|       1056|
    |c_WEN_A                                       |    4|          2|    4|          8|
    |grp_fu_716_p0                                 |  320|         33|   32|       1056|
    |grp_fu_716_p1                                 |  320|         33|   32|       1056|
    |i_phi_fu_698_p4                               |    6|          2|    6|         12|
    |i_reg_694                                     |    6|          2|    6|         12|
    |k_reg_660                                     |    6|          2|    6|         12|
    |p_a_rec_phi_fu_686_p4                         |   11|          2|   11|         22|
    |p_a_rec_reg_682                               |   11|          2|   11|         22|
    |p_c_0_idx_fu_150                              |   64|          2|   64|        128|
    |phi_mul_reg_671                               |   32|          2|   32|         64|
    +----------------------------------------------+-----+-----------+-----+-----------+
    |Total                                         | 1499|        192|  276|       4558|
    +----------------------------------------------+-----+-----------+-----+-----------+

    * Register: 
    +----------------------------------------------+----+----+-----+-----------+
    |                     Name                     | FF | LUT| Bits| Const Bits|
    +----------------------------------------------+----+----+-----+-----------+
    |ap_CS_fsm                                     |  39|   0|   39|          0|
    |ap_enable_reg_pp0_iter0                       |   1|   0|    1|          0|
    |ap_enable_reg_pp0_iter1                       |   1|   0|    1|          0|
    |ap_enable_reg_pp0_iter2                       |   1|   0|    1|          0|
    |ap_enable_reg_pp0_iter3                       |   1|   0|    1|          0|
    |ap_enable_reg_pp0_iter4                       |   1|   0|    1|          0|
    |ap_enable_reg_pp0_iter5                       |   1|   0|    1|          0|
    |ap_enable_reg_pp0_iter6                       |   1|   0|    1|          0|
    |ap_phi_precharge_reg_pp0_iter0_p_a_s_reg_705  |   6|   0|    6|          0|
    |ap_pipeline_reg_pp0_iter1_tmp_9_10_reg_3375   |  32|   0|   32|          0|
    |ap_pipeline_reg_pp0_iter1_tmp_9_11_reg_3385   |  32|   0|   32|          0|
    |ap_pipeline_reg_pp0_iter1_tmp_9_7_reg_3329    |  32|   0|   32|          0|
    |ap_pipeline_reg_pp0_iter1_tmp_9_8_reg_3339    |  32|   0|   32|          0|
    |ap_pipeline_reg_pp0_iter1_tmp_9_9_reg_3349    |  32|   0|   32|          0|
    |ap_pipeline_reg_pp0_iter1_tmp_9_s_reg_3359    |  32|   0|   32|          0|
    |b_addr_10_reg_3116                            |  10|   0|   10|          0|
    |b_addr_11_reg_3121                            |  10|   0|   10|          0|
    |b_addr_12_reg_3126                            |  10|   0|   10|          0|
    |b_addr_13_reg_3131                            |  10|   0|   10|          0|
    |b_addr_14_reg_3136                            |  10|   0|   10|          0|
    |b_addr_15_reg_3141                            |  10|   0|   10|          0|
    |b_addr_16_reg_3146                            |  10|   0|   10|          0|
    |b_addr_17_reg_3151                            |  10|   0|   10|          0|
    |b_addr_18_reg_3156                            |  10|   0|   10|          0|
    |b_addr_19_reg_3161                            |  10|   0|   10|          0|
    |b_addr_1_reg_3071                             |  10|   0|   10|          0|
    |b_addr_20_reg_3166                            |  10|   0|   10|          0|
    |b_addr_21_reg_3171                            |  10|   0|   10|          0|
    |b_addr_22_reg_3176                            |  10|   0|   10|          0|
    |b_addr_23_reg_3181                            |  10|   0|   10|          0|
    |b_addr_24_reg_3186                            |  10|   0|   10|          0|
    |b_addr_25_reg_3191                            |  10|   0|   10|          0|
    |b_addr_26_reg_3196                            |  10|   0|   10|          0|
    |b_addr_27_reg_3201                            |  10|   0|   10|          0|
    |b_addr_28_reg_3206                            |  10|   0|   10|          0|
    |b_addr_29_reg_3211                            |  10|   0|   10|          0|
    |b_addr_2_reg_3076                             |  10|   0|   10|          0|
    |b_addr_30_reg_3216                            |  10|   0|   10|          0|
    |b_addr_31_reg_3221                            |  10|   0|   10|          0|
    |b_addr_3_reg_3081                             |  10|   0|   10|          0|
    |b_addr_4_reg_3086                             |  10|   0|   10|          0|
    |b_addr_5_reg_3091                             |  10|   0|   10|          0|
    |b_addr_6_reg_3096                             |  10|   0|   10|          0|
    |b_addr_7_reg_3101                             |  10|   0|   10|          0|
    |b_addr_8_reg_3106                             |  10|   0|   10|          0|
    |b_addr_9_reg_3111                             |  10|   0|   10|          0|
    |b_addr_reg_3066                               |  10|   0|   10|          0|
    |exitcond1_reg_3226                            |   1|   0|    1|          0|
    |i_1_reg_3230                                  |   6|   0|    6|          0|
    |i_reg_694                                     |   6|   0|    6|          0|
    |icmp1_reg_2476                                |   1|   0|    1|          0|
    |icmp2_reg_2482                                |   1|   0|    1|          0|
    |icmp4_reg_2432                                |   1|   0|    1|          0|
    |icmp7_reg_2452                                |   1|   0|    1|          0|
    |icmp_reg_2420                                 |   1|   0|    1|          0|
    |k_1_reg_3057                                  |   6|   0|    6|          0|
    |k_reg_660                                     |   6|   0|    6|          0|
    |next_mul_reg_3048                             |  32|   0|   32|          0|
    |p_a_1_addr_rec_10_ca_1_reg_2858               |   4|   0|   11|          7|
    |p_a_1_addr_rec_10_ca_reg_2853                 |   4|   0|   12|          8|
    |p_a_1_addr_rec_10_reg_2586                    |   4|   0|    4|          0|
    |p_a_1_addr_rec_11_ca_1_reg_2868               |   4|   0|   11|          7|
    |p_a_1_addr_rec_11_ca_reg_2863                 |   4|   0|   12|          8|
    |p_a_1_addr_rec_11_reg_2592                    |   4|   0|    4|          0|
    |p_a_1_addr_rec_12_ca_1_reg_2873               |   4|   0|   12|          8|
    |p_a_1_addr_rec_12_ca_2_reg_2878               |   4|   0|   11|          7|
    |p_a_1_addr_rec_12_reg_2598                    |   4|   0|    4|          0|
    |p_a_1_addr_rec_13_ca_1_reg_2888               |   5|   0|   11|          6|
    |p_a_1_addr_rec_13_ca_reg_2883                 |   5|   0|   12|          7|
    |p_a_1_addr_rec_13_reg_2604                    |   5|   0|    5|          0|
    |p_a_1_addr_rec_14_ca_1_reg_2898               |   5|   0|   11|          6|
    |p_a_1_addr_rec_14_ca_reg_2893                 |   5|   0|   12|          7|
    |p_a_1_addr_rec_14_reg_2610                    |   5|   0|    5|          0|
    |p_a_1_addr_rec_15_ca_1_reg_2908               |   5|   0|   11|          6|
    |p_a_1_addr_rec_15_ca_reg_2903                 |   5|   0|   12|          7|
    |p_a_1_addr_rec_15_reg_2644                    |   5|   0|    5|          0|
    |p_a_1_addr_rec_16_ca_1_reg_2918               |   5|   0|   11|          6|
    |p_a_1_addr_rec_16_ca_reg_2913                 |   5|   0|   12|          7|
    |p_a_1_addr_rec_16_reg_2650                    |   5|   0|    5|          0|
    |p_a_1_addr_rec_17_ca_1_reg_2928               |   5|   0|   11|          6|
    |p_a_1_addr_rec_17_ca_reg_2923                 |   5|   0|   12|          7|
    |p_a_1_addr_rec_17_reg_2656                    |   5|   0|    5|          0|
    |p_a_1_addr_rec_18_ca_1_reg_2938               |   5|   0|   11|          6|
    |p_a_1_addr_rec_18_ca_reg_2933                 |   5|   0|   12|          7|
    |p_a_1_addr_rec_18_reg_2662                    |   5|   0|    5|          0|
    |p_a_1_addr_rec_19_ca_1_reg_2948               |   5|   0|   11|          6|
    |p_a_1_addr_rec_19_ca_reg_2943                 |   5|   0|   12|          7|
    |p_a_1_addr_rec_19_reg_2668                    |   5|   0|    5|          0|
    |p_a_1_addr_rec_1_cas_1_reg_2848               |   4|   0|   11|          7|
    |p_a_1_addr_rec_1_cas_reg_2843                 |   4|   0|   12|          8|
    |p_a_1_addr_rec_1_reg_2580                     |   4|   0|    4|          0|
    |p_a_1_addr_rec_20_ca_1_reg_2958               |   5|   0|   11|          6|
    |p_a_1_addr_rec_20_ca_reg_2953                 |   5|   0|   12|          7|
    |p_a_1_addr_rec_20_reg_2702                    |   5|   0|    5|          0|
    |p_a_1_addr_rec_21_ca_1_reg_2968               |   5|   0|   11|          6|
    |p_a_1_addr_rec_21_ca_reg_2963                 |   5|   0|   12|          7|
    |p_a_1_addr_rec_21_reg_2708                    |   5|   0|    5|          0|
    |p_a_1_addr_rec_22_ca_1_reg_2978               |   5|   0|   11|          6|
    |p_a_1_addr_rec_22_ca_reg_2973                 |   5|   0|   12|          7|
    |p_a_1_addr_rec_22_reg_2714                    |   5|   0|    5|          0|
    |p_a_1_addr_rec_23_ca_1_reg_2988               |   5|   0|   11|          6|
    |p_a_1_addr_rec_23_ca_reg_2983                 |   5|   0|   12|          7|
    |p_a_1_addr_rec_23_reg_2720                    |   5|   0|    5|          0|
    |p_a_1_addr_rec_24_ca_1_reg_2998               |   5|   0|   11|          6|
    |p_a_1_addr_rec_24_ca_reg_2993                 |   5|   0|   12|          7|
    |p_a_1_addr_rec_24_reg_2726                    |   5|   0|    5|          0|
    |p_a_1_addr_rec_25_ca_1_reg_3008               |   5|   0|   11|          6|
    |p_a_1_addr_rec_25_ca_reg_3003                 |   5|   0|   12|          7|
    |p_a_1_addr_rec_26_ca_1_reg_3018               |   5|   0|   11|          6|
    |p_a_1_addr_rec_26_ca_reg_3013                 |   5|   0|   12|          7|
    |p_a_1_addr_rec_27_ca_1_reg_3028               |   5|   0|   11|          6|
    |p_a_1_addr_rec_27_ca_reg_3023                 |   5|   0|   12|          7|
    |p_a_1_addr_rec_28_ca_1_reg_3033               |   5|   0|   12|          7|
    |p_a_1_addr_rec_28_ca_2_reg_3038               |   5|   0|   11|          6|
    |p_a_1_addr_rec_29_reg_3043                    |   6|   0|    6|          0|
    |p_a_1_addr_rec_2_cas_1_reg_2753               |   2|   0|   12|         10|
    |p_a_1_addr_rec_2_cas_2_reg_2758               |   2|   0|   11|          9|
    |p_a_1_addr_rec_2_reg_2488                     |   2|   0|    2|          0|
    |p_a_1_addr_rec_3_cas_1_reg_2768               |   3|   0|   11|          8|
    |p_a_1_addr_rec_3_cas_reg_2763                 |   3|   0|   12|          9|
    |p_a_1_addr_rec_3_reg_2494                     |   3|   0|    3|          0|
    |p_a_1_addr_rec_4_cas_1_reg_2778               |   3|   0|   11|          8|
    |p_a_1_addr_rec_4_cas_reg_2773                 |   3|   0|   12|          9|
    |p_a_1_addr_rec_4_reg_2500                     |   3|   0|    3|          0|
    |p_a_1_addr_rec_5_cas_1_reg_2788               |   3|   0|   11|          8|
    |p_a_1_addr_rec_5_cas_reg_2783                 |   3|   0|   12|          9|
    |p_a_1_addr_rec_5_reg_2506                     |   3|   0|    3|          0|
    |p_a_1_addr_rec_6_cas_1_reg_2793               |   3|   0|   12|          9|
    |p_a_1_addr_rec_6_cas_2_reg_2798               |   3|   0|   11|          8|
    |p_a_1_addr_rec_6_reg_2512                     |   3|   0|    3|          0|
    |p_a_1_addr_rec_7_cas_1_reg_2808               |   4|   0|   11|          7|
    |p_a_1_addr_rec_7_cas_reg_2803                 |   4|   0|   12|          8|
    |p_a_1_addr_rec_7_reg_2556                     |   4|   0|    4|          0|
    |p_a_1_addr_rec_8_cas_1_reg_2818               |   4|   0|   11|          7|
    |p_a_1_addr_rec_8_cas_reg_2813                 |   4|   0|   12|          8|
    |p_a_1_addr_rec_8_reg_2562                     |   4|   0|    4|          0|
    |p_a_1_addr_rec_9_cas_1_reg_2828               |   4|   0|   11|          7|
    |p_a_1_addr_rec_9_cas_reg_2823                 |   4|   0|   12|          8|
    |p_a_1_addr_rec_9_reg_2568                     |   4|   0|    4|          0|
    |p_a_1_addr_rec_cast_1_reg_2833                |   4|   0|   12|          8|
    |p_a_1_addr_rec_cast_reg_2838                  |   4|   0|   11|          7|
    |p_a_1_addr_rec_s_reg_2574                     |   4|   0|    4|          0|
    |p_a_311_rec_reg_3552                          |  11|   0|   11|          0|
    |p_a_rec_reg_682                               |  11|   0|   11|          0|
    |p_a_sum30_reg_3547                            |  11|   0|   11|          0|
    |p_b_1_cast1_cast_reg_2743                     |   2|   0|   12|         10|
    |p_b_1_cast_cast_reg_2748                      |   2|   0|   11|          9|
    |p_c_0_idx_fu_150                              |  64|   0|   64|          0|
    |phi_mul_reg_671                               |  32|   0|   32|          0|
    |reg_757                                       |  32|   0|   32|          0|
    |reg_762                                       |  32|   0|   32|          0|
    |tmp_1_10_reg_3649                             |  32|   0|   32|          0|
    |tmp_1_11_reg_3655                             |  32|   0|   32|          0|
    |tmp_1_12_reg_3661                             |  32|   0|   32|          0|
    |tmp_1_13_reg_3667                             |  32|   0|   32|          0|
    |tmp_1_14_reg_3673                             |  32|   0|   32|          0|
    |tmp_1_15_reg_3679                             |  32|   0|   32|          0|
    |tmp_1_16_reg_3685                             |  32|   0|   32|          0|
    |tmp_1_17_reg_3691                             |  32|   0|   32|          0|
    |tmp_1_18_reg_3697                             |  32|   0|   32|          0|
    |tmp_1_19_reg_3703                             |  32|   0|   32|          0|
    |tmp_1_1_reg_3369                              |  32|   0|   32|          0|
    |tmp_1_20_reg_3709                             |  32|   0|   32|          0|
    |tmp_1_21_reg_3715                             |  32|   0|   32|          0|
    |tmp_1_22_reg_3721                             |  32|   0|   32|          0|
    |tmp_1_23_reg_3727                             |  32|   0|   32|          0|
    |tmp_1_24_reg_3733                             |  32|   0|   32|          0|
    |tmp_1_25_reg_3739                             |  32|   0|   32|          0|
    |tmp_1_26_reg_3745                             |  32|   0|   32|          0|
    |tmp_1_27_reg_3751                             |  32|   0|   32|          0|
    |tmp_1_28_reg_3757                             |  32|   0|   32|          0|
    |tmp_1_29_reg_3763                             |  32|   0|   32|          0|
    |tmp_1_2_reg_3435                              |  32|   0|   32|          0|
    |tmp_1_3_reg_3501                              |  32|   0|   32|          0|
    |tmp_1_4_reg_3592                              |  32|   0|   32|          0|
    |tmp_1_5_reg_3613                              |  32|   0|   32|          0|
    |tmp_1_6_reg_3619                              |  32|   0|   32|          0|
    |tmp_1_7_reg_3625                              |  32|   0|   32|          0|
    |tmp_1_8_reg_3631                              |  32|   0|   32|          0|
    |tmp_1_9_reg_3637                              |  32|   0|   32|          0|
    |tmp_1_s_reg_3643                              |  32|   0|   32|          0|
    |tmp_4_reg_3240                                |   1|   0|    1|          0|
    |tmp_7_10_reg_2534                             |   1|   0|    1|          0|
    |tmp_7_11_reg_2539                             |   1|   0|    1|          0|
    |tmp_7_12_reg_2544                             |   1|   0|    1|          0|
    |tmp_7_13_reg_2550                             |   1|   0|    1|          0|
    |tmp_7_14_reg_2617                             |   1|   0|    1|          0|
    |tmp_7_15_reg_2622                             |   1|   0|    1|          0|
    |tmp_7_16_reg_2627                             |   1|   0|    1|          0|
    |tmp_7_17_reg_2632                             |   1|   0|    1|          0|
    |tmp_7_18_reg_2638                             |   1|   0|    1|          0|
    |tmp_7_19_reg_2675                             |   1|   0|    1|          0|
    |tmp_7_1_reg_2519                              |   1|   0|    1|          0|
    |tmp_7_20_reg_2680                             |   1|   0|    1|          0|
    |tmp_7_21_reg_2685                             |   1|   0|    1|          0|
    |tmp_7_22_reg_2690                             |   1|   0|    1|          0|
    |tmp_7_23_reg_2696                             |   1|   0|    1|          0|
    |tmp_7_24_reg_2733                             |   1|   0|    1|          0|
    |tmp_7_25_reg_2738                             |   1|   0|    1|          0|
    |tmp_7_2_reg_2427                              |   1|   0|    1|          0|
    |tmp_7_3_reg_2524                              |   1|   0|    1|          0|
    |tmp_7_4_reg_2437                              |   1|   0|    1|          0|
    |tmp_7_5_reg_2442                              |   1|   0|    1|          0|
    |tmp_7_6_reg_2447                              |   1|   0|    1|          0|
    |tmp_7_7_reg_2529                              |   1|   0|    1|          0|
    |tmp_7_8_reg_2458                              |   1|   0|    1|          0|
    |tmp_7_9_reg_2464                              |   1|   0|    1|          0|
    |tmp_7_s_reg_2470                              |   1|   0|    1|          0|
    |tmp_9_10_reg_3375                             |  32|   0|   32|          0|
    |tmp_9_11_reg_3385                             |  32|   0|   32|          0|
    |tmp_9_12_reg_3395                             |  32|   0|   32|          0|
    |tmp_9_13_reg_3405                             |  32|   0|   32|          0|
    |tmp_9_14_reg_3415                             |  32|   0|   32|          0|
    |tmp_9_15_reg_3425                             |  32|   0|   32|          0|
    |tmp_9_16_reg_3441                             |  32|   0|   32|          0|
    |tmp_9_17_reg_3451                             |  32|   0|   32|          0|
    |tmp_9_18_reg_3461                             |  32|   0|   32|          0|
    |tmp_9_19_reg_3471                             |  32|   0|   32|          0|
    |tmp_9_1_reg_3269                              |  32|   0|   32|          0|
    |tmp_9_20_reg_3481                             |  32|   0|   32|          0|
    |tmp_9_21_reg_3491                             |  32|   0|   32|          0|
    |tmp_9_22_reg_3507                             |  32|   0|   32|          0|
    |tmp_9_23_reg_3517                             |  32|   0|   32|          0|
    |tmp_9_24_reg_3527                             |  32|   0|   32|          0|
    |tmp_9_25_reg_3537                             |  32|   0|   32|          0|
    |tmp_9_26_reg_3557                             |  32|   0|   32|          0|
    |tmp_9_27_reg_3577                             |  32|   0|   32|          0|
    |tmp_9_28_reg_3598                             |  32|   0|   32|          0|
    |tmp_9_29_reg_3603                             |  32|   0|   32|          0|
    |tmp_9_2_reg_3279                              |  32|   0|   32|          0|
    |tmp_9_30_reg_3608                             |  32|   0|   32|          0|
    |tmp_9_3_reg_3289                              |  32|   0|   32|          0|
    |tmp_9_4_reg_3299                              |  32|   0|   32|          0|
    |tmp_9_5_reg_3309                              |  32|   0|   32|          0|
    |tmp_9_6_reg_3319                              |  32|   0|   32|          0|
    |tmp_9_7_reg_3329                              |  32|   0|   32|          0|
    |tmp_9_8_reg_3339                              |  32|   0|   32|          0|
    |tmp_9_9_reg_3349                              |  32|   0|   32|          0|
    |tmp_9_reg_3259                                |  32|   0|   32|          0|
    |tmp_9_s_reg_3359                              |  32|   0|   32|          0|
    |exitcond1_reg_3226                            |   0|   1|    1|          0|
    |tmp_4_reg_3240                                |   0|   1|    1|          0|
    |tmp_9_12_reg_3395                             |   0|  32|   32|          0|
    |tmp_9_13_reg_3405                             |   0|  32|   32|          0|
    |tmp_9_14_reg_3415                             |   0|  32|   32|          0|
    |tmp_9_15_reg_3425                             |   0|  32|   32|          0|
    |tmp_9_16_reg_3441                             |   0|  32|   32|          0|
    |tmp_9_17_reg_3451                             |   0|  32|   32|          0|
    |tmp_9_18_reg_3461                             |   0|  32|   32|          0|
    |tmp_9_19_reg_3471                             |   0|  32|   32|          0|
    |tmp_9_20_reg_3481                             |   0|  32|   32|          0|
    |tmp_9_21_reg_3491                             |   0|  32|   32|          0|
    |tmp_9_22_reg_3507                             |   0|  32|   32|          0|
    |tmp_9_23_reg_3517                             |   0|  32|   32|          0|
    |tmp_9_24_reg_3527                             |   0|  32|   32|          0|
    |tmp_9_25_reg_3537                             |   0|  32|   32|          0|
    |tmp_9_26_reg_3557                             |   0|  32|   32|          0|
    |tmp_9_27_reg_3577                             |   0|  32|   32|          0|
    |tmp_9_28_reg_3598                             |   0|  32|   32|          0|
    |tmp_9_29_reg_3603                             |   0|  32|   32|          0|
    |tmp_9_30_reg_3608                             |   0|  32|   32|          0|
    +----------------------------------------------+----+----+-----+-----------+
    |Total                                         |3198| 610| 4242|        434|
    +----------------------------------------------+----+----+-----+-----------+



================================================================
== Interface
================================================================
* Summary: 
+----------+-----+-----+------------+--------------+--------------+
| RTL Ports| Dir | Bits|  Protocol  | Source Object|    C Type    |
+----------+-----+-----+------------+--------------+--------------+
|ap_clk    |  in |    1| ap_ctrl_hs |   matmul_hw  | return value |
|ap_rst    |  in |    1| ap_ctrl_hs |   matmul_hw  | return value |
|ap_start  |  in |    1| ap_ctrl_hs |   matmul_hw  | return value |
|ap_done   | out |    1| ap_ctrl_hs |   matmul_hw  | return value |
|ap_idle   | out |    1| ap_ctrl_hs |   matmul_hw  | return value |
|ap_ready  | out |    1| ap_ctrl_hs |   matmul_hw  | return value |
|a_Addr_A  | out |   32|    bram    |       a      |     array    |
|a_EN_A    | out |    1|    bram    |       a      |     array    |
|a_WEN_A   | out |    4|    bram    |       a      |     array    |
|a_Din_A   | out |   32|    bram    |       a      |     array    |
|a_Dout_A  |  in |   32|    bram    |       a      |     array    |
|a_Clk_A   | out |    1|    bram    |       a      |     array    |
|a_Rst_A   | out |    1|    bram    |       a      |     array    |
|b_Addr_A  | out |   32|    bram    |       b      |     array    |
|b_EN_A    | out |    1|    bram    |       b      |     array    |
|b_WEN_A   | out |    4|    bram    |       b      |     array    |
|b_Din_A   | out |   32|    bram    |       b      |     array    |
|b_Dout_A  |  in |   32|    bram    |       b      |     array    |
|b_Clk_A   | out |    1|    bram    |       b      |     array    |
|b_Rst_A   | out |    1|    bram    |       b      |     array    |
|c_Addr_A  | out |   32|    bram    |       c      |     array    |
|c_EN_A    | out |    1|    bram    |       c      |     array    |
|c_WEN_A   | out |    4|    bram    |       c      |     array    |
|c_Din_A   | out |   32|    bram    |       c      |     array    |
|c_Dout_A  |  in |   32|    bram    |       c      |     array    |
|c_Clk_A   | out |    1|    bram    |       c      |     array    |
|c_Rst_A   | out |    1|    bram    |       c      |     array    |
|size      |  in |   32|   ap_none  |     size     |    scalar    |
+----------+-----+-----+------------+--------------+--------------+

