

================================================================
== Vivado HLS Report for 'logsch'
================================================================
* Date:           Mon May 29 15:21:59 2017

* Version:        2016.4 (Build 1733598 on Wed Dec 14 22:59:20 MST 2016)
* Project:        hls_adpcm
* Solution:       solution1
* Product family: artix7
* Target device:  xc7a100tcsg324-1


================================================================
== Performance Estimates
================================================================
+ Timing (ns): 
    * Summary: 
    +--------+-------+----------+------------+
    |  Clock | Target| Estimated| Uncertainty|
    +--------+-------+----------+------------+
    |ap_clk  |  10.00|      5.66|        1.25|
    +--------+-------+----------+------------+

+ Latency (clock cycles): 
    * Summary: 
    +-----+-----+-----+-----+---------+
    |  Latency  |  Interval | Pipeline|
    | min | max | min | max |   Type  |
    +-----+-----+-----+-----+---------+
    |    1|    1|    1|    1|   none  |
    +-----+-----+-----+-----+---------+

    + Detail: 
        * Instance: 
        N/A

        * Loop: 
        N/A



================================================================
== Utilization Estimates
================================================================
* Summary: 
+-----------------+---------+-------+--------+-------+
|       Name      | BRAM_18K| DSP48E|   FF   |  LUT  |
+-----------------+---------+-------+--------+-------+
|DSP              |        -|      -|       -|      -|
|Expression       |        -|      -|       0|    159|
|FIFO             |        -|      -|       -|      -|
|Instance         |        -|      -|       0|     32|
|Memory           |        -|      -|       -|      -|
|Multiplexer      |        -|      -|       -|      1|
|Register         |        -|      -|      34|      -|
+-----------------+---------+-------+--------+-------+
|Total            |        0|      0|      34|    192|
+-----------------+---------+-------+--------+-------+
|Available        |      270|    240|  126800|  63400|
+-----------------+---------+-------+--------+-------+
|Utilization (%)  |        0|      0|   ~0   |   ~0  |
+-----------------+---------+-------+--------+-------+

+ Detail: 
    * Instance: 
    +--------------------------+----------------------+---------+-------+---+----+
    |         Instance         |        Module        | BRAM_18K| DSP48E| FF| LUT|
    +--------------------------+----------------------+---------+-------+---+----+
    |adpcm_main_mux_42eOg_U73  |adpcm_main_mux_42eOg  |        0|      0|  0|  32|
    +--------------------------+----------------------+---------+-------+---+----+
    |Total                     |                      |        0|      0|  0|  32|
    +--------------------------+----------------------+---------+-------+---+----+

    * DSP48: 
    N/A

    * Memory: 
    N/A

    * FIFO: 
    N/A

    * Expression: 
    +---------------------------+----------+-------+---+----+------------+------------+
    |       Variable Name       | Operation| DSP48E| FF| LUT| Bitwidth P0| Bitwidth P1|
    +---------------------------+----------+-------+---+----+------------+------------+
    |nbh_assign_cast_fu_114_p2  |     +    |      0|  0|  31|          31|          31|
    |nbh_assign_fu_108_p2       |     +    |      0|  0|  32|          32|          32|
    |tmp_s_fu_60_p2             |     -    |      0|  0|  39|          39|          39|
    |tmp_40_fu_138_p2           |   icmp   |      0|  0|  11|          31|          15|
    |ap_return                  |  select  |      0|  0|  15|           1|          15|
    |p_s_fu_128_p3              |  select  |      0|  0|  31|           1|           1|
    +---------------------------+----------+-------+---+----+------------+------------+
    |Total                      |          |      0|  0| 159|         135|         133|
    +---------------------------+----------+-------+---+----+------------+------------+

    * Multiplexer: 
    +-----------+----+-----------+-----+-----------+
    |    Name   | LUT| Input Size| Bits| Total Bits|
    +-----------+----+-----------+-----+-----------+
    |ap_NS_fsm  |   1|          3|    1|          3|
    +-----------+----+-----------+-----+-----------+
    |Total      |   1|          3|    1|          3|
    +-----------+----+-----------+-----+-----------+

    * Register: 
    +-------------------------+----+----+-----+-----------+
    |           Name          | FF | LUT| Bits| Const Bits|
    +-------------------------+----+----+-----+-----------+
    |ap_CS_fsm                |   2|   0|    2|          0|
    |nbh_assign_cast_reg_152  |  31|   0|   31|          0|
    |tmp_18_reg_157           |   1|   0|    1|          0|
    +-------------------------+----+----+-----+-----------+
    |Total                    |  34|   0|   34|          0|
    +-------------------------+----+----+-----+-----------+



================================================================
== Interface
================================================================
* Summary: 
+-----------+-----+-----+------------+--------------+--------------+
| RTL Ports | Dir | Bits|  Protocol  | Source Object|    C Type    |
+-----------+-----+-----+------------+--------------+--------------+
|ap_clk     |  in |    1| ap_ctrl_hs |    logsch    | return value |
|ap_rst     |  in |    1| ap_ctrl_hs |    logsch    | return value |
|ap_start   |  in |    1| ap_ctrl_hs |    logsch    | return value |
|ap_done    | out |    1| ap_ctrl_hs |    logsch    | return value |
|ap_idle    | out |    1| ap_ctrl_hs |    logsch    | return value |
|ap_ready   | out |    1| ap_ctrl_hs |    logsch    | return value |
|ap_return  | out |   15| ap_ctrl_hs |    logsch    | return value |
|ih         |  in |   32|   ap_none  |      ih      |    scalar    |
|nbh        |  in |   32|   ap_none  |      nbh     |    scalar    |
+-----------+-----+-----+------------+--------------+--------------+

