

================================================================
== Vivado HLS Report for 'uppol1'
================================================================
* Date:           Sun May 28 06:48:00 2017

* Version:        2016.4 (Build 1733598 on Wed Dec 14 22:59:20 MST 2016)
* Project:        hls_adpcm
* Solution:       solution1
* Product family: artix7
* Target device:  xc7a100tcsg324-1


================================================================
== Performance Estimates
================================================================
+ Timing (ns): 
    * Summary: 
    +--------+-------+----------+------------+
    |  Clock | Target| Estimated| Uncertainty|
    +--------+-------+----------+------------+
    |ap_clk  |  10.00|      8.60|        1.25|
    +--------+-------+----------+------------+

+ Latency (clock cycles): 
    * Summary: 
    +-----+-----+-----+-----+---------+
    |  Latency  |  Interval | Pipeline|
    | min | max | min | max |   Type  |
    +-----+-----+-----+-----+---------+
    |    7|    7|    7|    7|   none  |
    +-----+-----+-----+-----+---------+

    + Detail: 
        * Instance: 
        N/A

        * Loop: 
        N/A



================================================================
== Utilization Estimates
================================================================
* Summary: 
+-----------------+---------+-------+--------+-------+
|       Name      | BRAM_18K| DSP48E|   FF   |  LUT  |
+-----------------+---------+-------+--------+-------+
|DSP              |        -|      -|       -|      -|
|Expression       |        -|      -|       0|    184|
|FIFO             |        -|      -|       -|      -|
|Instance         |        -|      4|       0|      0|
|Memory           |        -|      -|       -|      -|
|Multiplexer      |        -|      -|       -|      4|
|Register         |        -|      -|     120|      -|
+-----------------+---------+-------+--------+-------+
|Total            |        0|      4|     120|    188|
+-----------------+---------+-------+--------+-------+
|Available        |      270|    240|  126800|  63400|
+-----------------+---------+-------+--------+-------+
|Utilization (%)  |        0|      1|   ~0   |   ~0  |
+-----------------+---------+-------+--------+-------+

+ Detail: 
    * Instance: 
    +----------------------------+----------------------+---------+-------+---+----+
    |          Instance          |        Module        | BRAM_18K| DSP48E| FF| LUT|
    +----------------------------+----------------------+---------+-------+---+----+
    |adpcm_main_mul_32bkb_x_U28  |adpcm_main_mul_32bkb  |        0|      4|  0|   0|
    +----------------------------+----------------------+---------+-------+---+----+
    |Total                       |                      |        0|      4|  0|   0|
    +----------------------------+----------------------+---------+-------+---+----+

    * DSP48: 
    N/A

    * Memory: 
    N/A

    * FIFO: 
    N/A

    * Expression: 
    +--------------------------------+----------+-------+---+----+------------+------------+
    |          Variable Name         | Operation| DSP48E| FF| LUT| Bitwidth P0| Bitwidth P1|
    +--------------------------------+----------+-------+---+----+------------+------------+
    |apl1_fu_119_p2                  |     +    |      0|  0|  32|          32|          32|
    |apl1_3_fu_154_p2                |     -    |      0|  0|  16|           1|          16|
    |apl1_4_fu_129_p2                |     -    |      0|  0|  16|          14|          16|
    |tmp_s_fu_88_p2                  |     -    |      0|  0|  41|          41|          41|
    |tmp_24_fu_138_p2                |   icmp   |      0|  0|  11|          32|          32|
    |tmp_25_fu_163_p2                |   icmp   |      0|  0|  11|          32|          32|
    |ap_return                       |  select  |      0|  0|  16|           1|          16|
    |apl_v_cast_cast_cast_fu_111_p3  |  select  |      0|  0|   9|           1|           9|
    |wd3_0_apl1_fu_143_p3            |  select  |      0|  0|  32|           1|          32|
    +--------------------------------+----------+-------+---+----+------------+------------+
    |Total                           |          |      0|  0| 184|         155|         226|
    +--------------------------------+----------+-------+---+----+------------+------------+

    * Multiplexer: 
    +-----------+----+-----------+-----+-----------+
    |    Name   | LUT| Input Size| Bits| Total Bits|
    +-----------+----+-----------+-----+-----------+
    |ap_NS_fsm  |   4|          9|    1|          9|
    +-----------+----+-----------+-----+-----------+
    |Total      |   4|          9|    1|          9|
    +-----------+----+-----------+-----+-----------+

    * Register: 
    +----------------+----+----+-----+-----------+
    |      Name      | FF | LUT| Bits| Const Bits|
    +----------------+----+----+-----+-----------+
    |ap_CS_fsm       |   8|   0|    8|          0|
    |apl1_4_reg_198  |  16|   0|   16|          0|
    |apl1_reg_192    |  32|   0|   32|          0|
    |tmp_22_reg_187  |  64|   0|   64|          0|
    +----------------+----+----+-----+-----------+
    |Total           | 120|   0|  120|          0|
    +----------------+----+----+-----+-----------+



================================================================
== Interface
================================================================
* Summary: 
+-----------+-----+-----+------------+--------------+--------------+
| RTL Ports | Dir | Bits|  Protocol  | Source Object|    C Type    |
+-----------+-----+-----+------------+--------------+--------------+
|ap_clk     |  in |    1| ap_ctrl_hs |    uppol1    | return value |
|ap_rst     |  in |    1| ap_ctrl_hs |    uppol1    | return value |
|ap_start   |  in |    1| ap_ctrl_hs |    uppol1    | return value |
|ap_done    | out |    1| ap_ctrl_hs |    uppol1    | return value |
|ap_idle    | out |    1| ap_ctrl_hs |    uppol1    | return value |
|ap_ready   | out |    1| ap_ctrl_hs |    uppol1    | return value |
|ap_return  | out |   16| ap_ctrl_hs |    uppol1    | return value |
|al1        |  in |   32|   ap_none  |      al1     |    scalar    |
|apl2       |  in |   15|   ap_none  |     apl2     |    scalar    |
|plt        |  in |   32|   ap_none  |      plt     |    scalar    |
|plt1       |  in |   32|   ap_none  |     plt1     |    scalar    |
+-----------+-----+-----+------------+--------------+--------------+

