

================================================================
== Vivado HLS Report for 'matmul_hw'
================================================================
* Date:           Wed Jun 14 08:29:21 2017

* Version:        2016.4 (Build 1733598 on Wed Dec 14 22:59:20 MST 2016)
* Project:        hls_matmul_float
* Solution:       matmul_float_9b
* Product family: artix7
* Target device:  xc7a100tcsg324-1


================================================================
== Performance Estimates
================================================================
+ Timing (ns): 
    * Summary: 
    +--------+-------+----------+------------+
    |  Clock | Target| Estimated| Uncertainty|
    +--------+-------+----------+------------+
    |ap_clk  |  10.00|     19.99|        1.25|
    +--------+-------+----------+------------+

+ Latency (clock cycles): 
    * Summary: 
    +-----+--------+-----+--------+---------+
    |    Latency   |   Interval   | Pipeline|
    | min |   max  | min |   max  |   Type  |
    +-----+--------+-----+--------+---------+
    |   65|  258209|   66|  258210|   none  |
    +-----+--------+-----+--------+---------+

    + Detail: 
        * Instance: 
        +-----------------------------------+-----------------------+-----+-----+-----+-----+----------+
        |                                   |                       |  Latency  |  Interval | Pipeline |
        |              Instance             |         Module        | min | max | min | max |   Type   |
        +-----------------------------------+-----------------------+-----+-----+-----+-----+----------+
        |grp_aesl_mux_load_4_256_s_fu_972   |aesl_mux_load_4_256_s  |    1|    1|    1|    1| function |
        |grp_aesl_mux_load_4_256_s_fu_990   |aesl_mux_load_4_256_s  |    1|    1|    1|    1| function |
        |grp_aesl_mux_load_4_256_1_fu_1004  |aesl_mux_load_4_256_1  |    1|    1|    1|    1| function |
        +-----------------------------------+-----------------------+-----+-----+-----+-----+----------+

        * Loop: 
        +-------------+------+--------+----------+-----------+-----------+------+----------+
        |             |    Latency    | Iteration|  Initiation Interval  | Trip |          |
        |  Loop Name  |  min |   max  |  Latency |  achieved |   target  | Count| Pipelined|
        +-------------+------+--------+----------+-----------+-----------+------+----------+
        |- Loop 1     |    64|  258208| 2 ~ 8069 |          -|          -|    32|    no    |
        | + Loop 1.1  |  8066|    8066|       255|        252|          1|    32|    yes   |
        +-------------+------+--------+----------+-----------+-----------+------+----------+



================================================================
== Utilization Estimates
================================================================
* Summary: 
+-----------------+---------+-------+--------+-------+
|       Name      | BRAM_18K| DSP48E|   FF   |  LUT  |
+-----------------+---------+-------+--------+-------+
|DSP              |        -|      -|       -|      -|
|Expression       |        -|      -|       0|   2644|
|FIFO             |        -|      -|       -|      -|
|Instance         |        -|      5|     363|    780|
|Memory           |        -|      -|       -|      -|
|Multiplexer      |        -|      -|       -|   3668|
|Register         |        -|      -|    2971|      -|
+-----------------+---------+-------+--------+-------+
|Total            |        0|      5|    3334|   7092|
+-----------------+---------+-------+--------+-------+
|Available        |      270|    240|  126800|  63400|
+-----------------+---------+-------+--------+-------+
|Utilization (%)  |        0|      2|       2|     11|
+-----------------+---------+-------+--------+-------+

+ Detail: 
    * Instance: 
    +-----------------------------------+-----------------------+---------+-------+-----+-----+
    |              Instance             |         Module        | BRAM_18K| DSP48E|  FF | LUT |
    +-----------------------------------+-----------------------+---------+-------+-----+-----+
    |grp_aesl_mux_load_4_256_1_fu_1004  |aesl_mux_load_4_256_1  |        0|      0|    5|  123|
    |grp_aesl_mux_load_4_256_s_fu_972   |aesl_mux_load_4_256_s  |        0|      0|    5|  156|
    |grp_aesl_mux_load_4_256_s_fu_990   |aesl_mux_load_4_256_s  |        0|      0|    5|  156|
    |matmul_hw_fadd_32bkb_U5            |matmul_hw_fadd_32bkb   |        0|      2|  205|  205|
    |matmul_hw_fmul_32cud_U6            |matmul_hw_fmul_32cud   |        0|      3|  143|  140|
    +-----------------------------------+-----------------------+---------+-------+-----+-----+
    |Total                              |                       |        0|      5|  363|  780|
    +-----------------------------------+-----------------------+---------+-------+-----+-----+

    * DSP48: 
    N/A

    * Memory: 
    N/A

    * FIFO: 
    N/A

    * Expression: 
    +------------------------------+----------+-------+---+----+------------+------------+
    |         Variable Name        | Operation| DSP48E| FF| LUT| Bitwidth P0| Bitwidth P1|
    +------------------------------+----------+-------+---+----+------------+------------+
    |i_1_fu_1404_p2                |     +    |      0|  0|   6|           6|           1|
    |k_1_fu_1335_p2                |     +    |      0|  0|   6|           6|           1|
    |newIndex10_fu_1736_p2         |     +    |      0|  0|   8|           8|           8|
    |newIndex11_fu_1761_p2         |     +    |      0|  0|   8|           8|           8|
    |newIndex12_fu_1840_p2         |     +    |      0|  0|   8|           8|           8|
    |newIndex13_fu_4191_p2         |     +    |      0|  0|   8|           8|           8|
    |newIndex14_fu_1865_p2         |     +    |      0|  0|   8|           8|           8|
    |newIndex15_fu_1940_p2         |     +    |      0|  0|   8|           8|           8|
    |newIndex16_fu_1965_p2         |     +    |      0|  0|   8|           8|           8|
    |newIndex17_fu_2046_p2         |     +    |      0|  0|   8|           8|           8|
    |newIndex18_fu_2071_p2         |     +    |      0|  0|   8|           8|           8|
    |newIndex19_fu_2153_p2         |     +    |      0|  0|   8|           8|           8|
    |newIndex1_fu_1497_p2          |     +    |      0|  0|   8|           8|           8|
    |newIndex20_fu_4091_p2         |     +    |      0|  0|   8|           8|           8|
    |newIndex21_fu_2178_p2         |     +    |      0|  0|   8|           8|           8|
    |newIndex22_fu_2253_p2         |     +    |      0|  0|   8|           8|           8|
    |newIndex23_fu_2278_p2         |     +    |      0|  0|   8|           8|           8|
    |newIndex24_fu_2353_p2         |     +    |      0|  0|   8|           8|           8|
    |newIndex25_fu_2378_p2         |     +    |      0|  0|   8|           8|           8|
    |newIndex26_fu_2453_p2         |     +    |      0|  0|   8|           8|           8|
    |newIndex27_fu_3991_p2         |     +    |      0|  0|   8|           8|           8|
    |newIndex28_fu_2478_p2         |     +    |      0|  0|   8|           8|           8|
    |newIndex29_fu_2553_p2         |     +    |      0|  0|   8|           8|           8|
    |newIndex2_fu_1522_p2          |     +    |      0|  0|   8|           8|           8|
    |newIndex30_fu_2578_p2         |     +    |      0|  0|   8|           8|           8|
    |newIndex31_fu_2653_p2         |     +    |      0|  0|   8|           8|           8|
    |newIndex32_fu_2678_p2         |     +    |      0|  0|   8|           8|           8|
    |newIndex33_fu_2753_p2         |     +    |      0|  0|   8|           8|           8|
    |newIndex34_fu_3891_p2         |     +    |      0|  0|   8|           8|           8|
    |newIndex35_fu_2778_p2         |     +    |      0|  0|   8|           8|           8|
    |newIndex36_fu_2859_p2         |     +    |      0|  0|   8|           8|           8|
    |newIndex37_fu_2884_p2         |     +    |      0|  0|   8|           8|           8|
    |newIndex38_fu_2966_p2         |     +    |      0|  0|   8|           8|           8|
    |newIndex39_fu_2991_p2         |     +    |      0|  0|   8|           8|           8|
    |newIndex3_fu_1655_p2          |     +    |      0|  0|   8|           8|           8|
    |newIndex40_fu_3066_p2         |     +    |      0|  0|   8|           8|           8|
    |newIndex41_fu_3791_p2         |     +    |      0|  0|   8|           8|           8|
    |newIndex42_fu_3091_p2         |     +    |      0|  0|   8|           8|           8|
    |newIndex43_fu_3166_p2         |     +    |      0|  0|   8|           8|           8|
    |newIndex44_fu_3191_p2         |     +    |      0|  0|   8|           8|           8|
    |newIndex45_fu_3266_p2         |     +    |      0|  0|   8|           8|           8|
    |newIndex46_fu_3291_p2         |     +    |      0|  0|   8|           8|           8|
    |newIndex47_fu_3366_p2         |     +    |      0|  0|   8|           8|           8|
    |newIndex48_fu_3691_p2         |     +    |      0|  0|   8|           8|           8|
    |newIndex49_fu_3391_p2         |     +    |      0|  0|   8|           8|           8|
    |newIndex4_fu_1680_p2          |     +    |      0|  0|   8|           8|           8|
    |newIndex50_fu_3466_p2         |     +    |      0|  0|   8|           8|           8|
    |newIndex51_fu_3491_p2         |     +    |      0|  0|   8|           8|           8|
    |newIndex52_fu_3566_p2         |     +    |      0|  0|   8|           8|           8|
    |newIndex53_fu_3591_p2         |     +    |      0|  0|   8|           8|           8|
    |newIndex54_fu_3666_p2         |     +    |      0|  0|   8|           8|           8|
    |newIndex55_fu_3766_p2         |     +    |      0|  0|   8|           8|           8|
    |newIndex56_fu_3866_p2         |     +    |      0|  0|   8|           8|           8|
    |newIndex57_fu_3966_p2         |     +    |      0|  0|   8|           8|           8|
    |newIndex58_fu_4066_p2         |     +    |      0|  0|   8|           8|           8|
    |newIndex59_fu_4166_p2         |     +    |      0|  0|   8|           8|           8|
    |newIndex5_fu_1575_p2          |     +    |      0|  0|   8|           8|           8|
    |newIndex60_fu_4266_p2         |     +    |      0|  0|   8|           8|           8|
    |newIndex61_fu_4366_p2         |     +    |      0|  0|   8|           8|           8|
    |newIndex6_fu_4291_p2          |     +    |      0|  0|   8|           8|           8|
    |newIndex7_fu_1459_p2          |     +    |      0|  0|   8|           1|           8|
    |newIndex8_fu_1600_p2          |     +    |      0|  0|   8|           8|           8|
    |newIndex9_fu_1378_p2          |     +    |      0|  0|   8|           1|           8|
    |newIndex_fu_4391_p2           |     +    |      0|  0|   8|           8|           8|
    |next_mul_fu_1324_p2           |     +    |      0|  0|  32|          32|          32|
    |p_a_1_addr_rec_10_fu_2502_p2  |     +    |      0|  0|   4|           4|           4|
    |p_a_1_addr_rec_11_fu_2602_p2  |     +    |      0|  0|   4|           4|           4|
    |p_a_1_addr_rec_12_fu_2702_p2  |     +    |      0|  0|   4|           4|           4|
    |p_a_1_addr_rec_13_fu_2809_p2  |     +    |      0|  0|   5|           5|           5|
    |p_a_1_addr_rec_14_fu_2916_p2  |     +    |      0|  0|   5|           5|           5|
    |p_a_1_addr_rec_15_fu_3015_p2  |     +    |      0|  0|   5|           5|           5|
    |p_a_1_addr_rec_16_fu_3115_p2  |     +    |      0|  0|   5|           5|           5|
    |p_a_1_addr_rec_17_fu_3215_p2  |     +    |      0|  0|   5|           5|           5|
    |p_a_1_addr_rec_18_fu_3315_p2  |     +    |      0|  0|   5|           5|           5|
    |p_a_1_addr_rec_19_fu_3415_p2  |     +    |      0|  0|   5|           5|           5|
    |p_a_1_addr_rec_1_fu_2402_p2   |     +    |      0|  0|   4|           4|           4|
    |p_a_1_addr_rec_20_fu_3515_p2  |     +    |      0|  0|   5|           5|           5|
    |p_a_1_addr_rec_21_fu_3615_p2  |     +    |      0|  0|   5|           5|           5|
    |p_a_1_addr_rec_22_fu_3715_p2  |     +    |      0|  0|   5|           5|           5|
    |p_a_1_addr_rec_23_fu_3815_p2  |     +    |      0|  0|   5|           5|           5|
    |p_a_1_addr_rec_24_fu_3915_p2  |     +    |      0|  0|   5|           5|           5|
    |p_a_1_addr_rec_25_fu_4015_p2  |     +    |      0|  0|   5|           5|           5|
    |p_a_1_addr_rec_26_fu_4115_p2  |     +    |      0|  0|   5|           5|           5|
    |p_a_1_addr_rec_27_fu_4215_p2  |     +    |      0|  0|   5|           5|           5|
    |p_a_1_addr_rec_28_fu_4315_p2  |     +    |      0|  0|   5|           5|           5|
    |p_a_1_addr_rec_29_fu_4414_p2  |     +    |      0|  0|   6|           6|           6|
    |p_a_1_addr_rec_2_fu_1542_p2   |     +    |      0|  0|   2|           2|           2|
    |p_a_1_addr_rec_3_fu_1623_p2   |     +    |      0|  0|   3|           3|           3|
    |p_a_1_addr_rec_4_fu_1704_p2   |     +    |      0|  0|   3|           3|           3|
    |p_a_1_addr_rec_5_fu_1789_p2   |     +    |      0|  0|   3|           3|           3|
    |p_a_1_addr_rec_6_fu_1889_p2   |     +    |      0|  0|   3|           3|           3|
    |p_a_1_addr_rec_7_fu_1996_p2   |     +    |      0|  0|   4|           4|           4|
    |p_a_1_addr_rec_8_fu_2103_p2   |     +    |      0|  0|   4|           4|           4|
    |p_a_1_addr_rec_9_fu_2202_p2   |     +    |      0|  0|   4|           4|           4|
    |p_a_1_addr_rec_s_fu_2302_p2   |     +    |      0|  0|   4|           4|           4|
    |p_a_311_rec_fu_4435_p2        |     +    |      0|  0|  11|          11|          11|
    |p_a_sum10_cast_fu_2338_p2     |     +    |      0|  0|  10|          10|          10|
    |p_a_sum11_cast_fu_2438_p2     |     +    |      0|  0|  10|          10|          10|
    |p_a_sum12_cast_fu_2538_p2     |     +    |      0|  0|  10|          10|          10|
    |p_a_sum13_cast_fu_2638_p2     |     +    |      0|  0|  10|          10|          10|
    |p_a_sum14_cast_fu_2738_p2     |     +    |      0|  0|  10|          10|          10|
    |p_a_sum15_cast_fu_2844_p2     |     +    |      0|  0|  10|          10|          10|
    |p_a_sum16_cast_fu_2951_p2     |     +    |      0|  0|  10|          10|          10|
    |p_a_sum17_cast_fu_3051_p2     |     +    |      0|  0|  10|          10|          10|
    |p_a_sum18_cast_fu_3151_p2     |     +    |      0|  0|  10|          10|          10|
    |p_a_sum19_cast_fu_3251_p2     |     +    |      0|  0|  10|          10|          10|
    |p_a_sum1_cast_fu_1482_p2      |     +    |      0|  0|  10|          10|          10|
    |p_a_sum20_cast_fu_3351_p2     |     +    |      0|  0|  10|          10|          10|
    |p_a_sum21_cast_fu_3451_p2     |     +    |      0|  0|  10|          10|          10|
    |p_a_sum22_cast_fu_3551_p2     |     +    |      0|  0|  10|          10|          10|
    |p_a_sum23_cast_fu_3651_p2     |     +    |      0|  0|  10|          10|          10|
    |p_a_sum24_cast_fu_3751_p2     |     +    |      0|  0|  10|          10|          10|
    |p_a_sum25_cast_fu_3851_p2     |     +    |      0|  0|  10|          10|          10|
    |p_a_sum26_cast_fu_3951_p2     |     +    |      0|  0|  10|          10|          10|
    |p_a_sum27_cast_fu_4051_p2     |     +    |      0|  0|  10|          10|          10|
    |p_a_sum28_cast_fu_4151_p2     |     +    |      0|  0|  10|          10|          10|
    |p_a_sum29_cast_fu_4251_p2     |     +    |      0|  0|  10|          10|          10|
    |p_a_sum2_cast_fu_1560_p2      |     +    |      0|  0|  10|          10|          10|
    |p_a_sum30_cast_fu_4351_p2     |     +    |      0|  0|  10|          10|          10|
    |p_a_sum3_cast_fu_1640_p2      |     +    |      0|  0|  10|          10|          10|
    |p_a_sum4_cast_fu_1721_p2      |     +    |      0|  0|  10|          10|          10|
    |p_a_sum5_cast_fu_1825_p2      |     +    |      0|  0|  10|          10|          10|
    |p_a_sum6_cast_fu_1925_p2      |     +    |      0|  0|  10|          10|          10|
    |p_a_sum7_cast_fu_2031_p2      |     +    |      0|  0|  10|          10|          10|
    |p_a_sum8_cast_fu_2138_p2      |     +    |      0|  0|  10|          10|          10|
    |p_a_sum9_cast_fu_2238_p2      |     +    |      0|  0|  10|          10|          10|
    |p_a_sum_cast_fu_1443_p2       |     +    |      0|  0|  10|           1|          10|
    |p_b2_sum_10_fu_2359_p2        |     +    |      0|  0|  33|          33|          33|
    |p_b2_sum_11_fu_2459_p2        |     +    |      0|  0|  33|          33|          33|
    |p_b2_sum_12_fu_2559_p2        |     +    |      0|  0|  33|          33|          33|
    |p_b2_sum_13_fu_2659_p2        |     +    |      0|  0|  33|          33|          33|
    |p_b2_sum_14_fu_2759_p2        |     +    |      0|  0|  33|          33|          33|
    |p_b2_sum_15_fu_2865_p2        |     +    |      0|  0|  33|          33|          33|
    |p_b2_sum_16_fu_2972_p2        |     +    |      0|  0|  33|          33|          33|
    |p_b2_sum_17_fu_3072_p2        |     +    |      0|  0|  33|          33|          33|
    |p_b2_sum_18_fu_3172_p2        |     +    |      0|  0|  33|          33|          33|
    |p_b2_sum_19_fu_3272_p2        |     +    |      0|  0|  33|          33|          33|
    |p_b2_sum_1_fu_1358_p2         |     +    |      0|  0|  33|           1|          33|
    |p_b2_sum_20_fu_3372_p2        |     +    |      0|  0|  33|          33|          33|
    |p_b2_sum_21_fu_3472_p2        |     +    |      0|  0|  33|          33|          33|
    |p_b2_sum_22_fu_3572_p2        |     +    |      0|  0|  33|          33|          33|
    |p_b2_sum_23_fu_3672_p2        |     +    |      0|  0|  33|          33|          33|
    |p_b2_sum_24_fu_3772_p2        |     +    |      0|  0|  33|          33|          33|
    |p_b2_sum_25_fu_3872_p2        |     +    |      0|  0|  33|          33|          33|
    |p_b2_sum_26_fu_3972_p2        |     +    |      0|  0|  33|          33|          33|
    |p_b2_sum_27_fu_4072_p2        |     +    |      0|  0|  33|          33|          33|
    |p_b2_sum_28_fu_4172_p2        |     +    |      0|  0|  33|          33|          33|
    |p_b2_sum_29_fu_4272_p2        |     +    |      0|  0|  33|          33|          33|
    |p_b2_sum_2_fu_1503_p2         |     +    |      0|  0|  33|          33|          33|
    |p_b2_sum_30_fu_4372_p2        |     +    |      0|  0|  33|          33|          33|
    |p_b2_sum_3_fu_1581_p2         |     +    |      0|  0|  33|          33|          33|
    |p_b2_sum_4_fu_1661_p2         |     +    |      0|  0|  33|          33|          33|
    |p_b2_sum_5_fu_1742_p2         |     +    |      0|  0|  33|          33|          33|
    |p_b2_sum_6_fu_1846_p2         |     +    |      0|  0|  33|          33|          33|
    |p_b2_sum_7_fu_1946_p2         |     +    |      0|  0|  33|          33|          33|
    |p_b2_sum_8_fu_2052_p2         |     +    |      0|  0|  33|          33|          33|
    |p_b2_sum_9_fu_2159_p2         |     +    |      0|  0|  33|          33|          33|
    |p_b2_sum_s_fu_2259_p2         |     +    |      0|  0|  33|          33|          33|
    |p_c_1_idx5_fu_4420_p2         |     +    |      0|  0|  64|          64|           1|
    |tmp10_fu_2215_p2              |     +    |      0|  0|   2|           2|           2|
    |tmp11_fu_2311_p2              |     +    |      0|  0|   2|           4|           4|
    |tmp12_fu_2315_p2              |     +    |      0|  0|   2|           2|           2|
    |tmp13_fu_2411_p2              |     +    |      0|  0|   2|           4|           4|
    |tmp14_fu_2415_p2              |     +    |      0|  0|   2|           2|           2|
    |tmp15_fu_2511_p2              |     +    |      0|  0|   2|           4|           4|
    |tmp16_fu_2515_p2              |     +    |      0|  0|   2|           2|           2|
    |tmp17_fu_2611_p2              |     +    |      0|  0|   2|           4|           4|
    |tmp18_fu_2615_p2              |     +    |      0|  0|   2|           2|           2|
    |tmp19_fu_2711_p2              |     +    |      0|  0|   2|           4|           4|
    |tmp1_fu_2091_p2               |     +    |      0|  0|   3|           3|           3|
    |tmp20_fu_2715_p2              |     +    |      0|  0|   2|           2|           2|
    |tmp21_fu_2797_p2              |     +    |      0|  0|   4|           4|           4|
    |tmp22_fu_2821_p2              |     +    |      0|  0|   2|           2|           2|
    |tmp23_fu_2904_p2              |     +    |      0|  0|   4|           4|           4|
    |tmp24_fu_2928_p2              |     +    |      0|  0|   2|           2|           2|
    |tmp25_fu_3024_p2              |     +    |      0|  0|   2|           5|           5|
    |tmp26_fu_3028_p2              |     +    |      0|  0|   2|           2|           2|
    |tmp27_fu_3124_p2              |     +    |      0|  0|   2|           5|           5|
    |tmp28_fu_3128_p2              |     +    |      0|  0|   2|           2|           2|
    |tmp29_fu_3224_p2              |     +    |      0|  0|   2|           5|           5|
    |tmp2_fu_1798_p2               |     +    |      0|  0|   2|           3|           3|
    |tmp30_fu_3228_p2              |     +    |      0|  0|   2|           2|           2|
    |tmp31_fu_3324_p2              |     +    |      0|  0|   2|           5|           5|
    |tmp32_fu_3328_p2              |     +    |      0|  0|   2|           2|           2|
    |tmp33_fu_3424_p2              |     +    |      0|  0|   2|           5|           5|
    |tmp34_fu_3428_p2              |     +    |      0|  0|   2|           2|           2|
    |tmp35_fu_3524_p2              |     +    |      0|  0|   2|           5|           5|
    |tmp36_fu_3528_p2              |     +    |      0|  0|   2|           2|           2|
    |tmp37_fu_3624_p2              |     +    |      0|  0|   2|           5|           5|
    |tmp38_fu_3628_p2              |     +    |      0|  0|   2|           2|           2|
    |tmp39_fu_3724_p2              |     +    |      0|  0|   2|           5|           5|
    |tmp3_fu_1802_p2               |     +    |      0|  0|   2|           2|           2|
    |tmp40_fu_3728_p2              |     +    |      0|  0|   2|           2|           2|
    |tmp41_fu_3824_p2              |     +    |      0|  0|   2|           5|           5|
    |tmp42_fu_3828_p2              |     +    |      0|  0|   2|           2|           2|
    |tmp43_fu_3924_p2              |     +    |      0|  0|   2|           5|           5|
    |tmp44_fu_3928_p2              |     +    |      0|  0|   2|           2|           2|
    |tmp45_fu_4024_p2              |     +    |      0|  0|   2|           5|           5|
    |tmp46_fu_4028_p2              |     +    |      0|  0|   2|           2|           2|
    |tmp47_fu_4124_p2              |     +    |      0|  0|   2|           5|           5|
    |tmp48_fu_4128_p2              |     +    |      0|  0|   2|           2|           2|
    |tmp49_fu_4224_p2              |     +    |      0|  0|   2|           5|           5|
    |tmp4_fu_2115_p2               |     +    |      0|  0|   2|           2|           2|
    |tmp50_fu_4228_p2              |     +    |      0|  0|   2|           2|           2|
    |tmp51_fu_4324_p2              |     +    |      0|  0|   2|           5|           5|
    |tmp52_fu_4328_p2              |     +    |      0|  0|   2|           2|           2|
    |tmp5_fu_1898_p2               |     +    |      0|  0|   2|           3|           3|
    |tmp6_fu_1902_p2               |     +    |      0|  0|   2|           2|           2|
    |tmp7_fu_2211_p2               |     +    |      0|  0|   2|           4|           4|
    |tmp8_fu_1984_p2               |     +    |      0|  0|   3|           3|           3|
    |tmp9_fu_2008_p2               |     +    |      0|  0|   2|           2|           2|
    |tmp_103_fu_3037_p2            |     +    |      0|  0|   2|           5|           5|
    |tmp_109_fu_3137_p2            |     +    |      0|  0|   2|           5|           5|
    |tmp_115_fu_3237_p2            |     +    |      0|  0|   2|           5|           5|
    |tmp_121_fu_3337_p2            |     +    |      0|  0|   2|           5|           5|
    |tmp_127_fu_3437_p2            |     +    |      0|  0|   2|           5|           5|
    |tmp_133_fu_3537_p2            |     +    |      0|  0|   2|           5|           5|
    |tmp_139_fu_3637_p2            |     +    |      0|  0|   2|           5|           5|
    |tmp_145_fu_3737_p2            |     +    |      0|  0|   2|           5|           5|
    |tmp_151_fu_3837_p2            |     +    |      0|  0|   2|           5|           5|
    |tmp_157_fu_3937_p2            |     +    |      0|  0|   2|           5|           5|
    |tmp_163_fu_4037_p2            |     +    |      0|  0|   2|           5|           5|
    |tmp_169_fu_4137_p2            |     +    |      0|  0|   2|           5|           5|
    |tmp_175_fu_4237_p2            |     +    |      0|  0|   2|           5|           5|
    |tmp_180_fu_4337_p2            |     +    |      0|  0|   2|           5|           5|
    |tmp_31_fu_1811_p2             |     +    |      0|  0|   2|           3|           3|
    |tmp_37_fu_1911_p2             |     +    |      0|  0|   2|           3|           3|
    |tmp_43_fu_2017_p2             |     +    |      0|  0|   4|           4|           4|
    |tmp_49_fu_2124_p2             |     +    |      0|  0|   4|           4|           4|
    |tmp_55_fu_2224_p2             |     +    |      0|  0|   2|           4|           4|
    |tmp_61_fu_2324_p2             |     +    |      0|  0|   2|           4|           4|
    |tmp_67_fu_2424_p2             |     +    |      0|  0|   2|           4|           4|
    |tmp_73_fu_2524_p2             |     +    |      0|  0|   2|           4|           4|
    |tmp_79_fu_2624_p2             |     +    |      0|  0|   2|           4|           4|
    |tmp_85_fu_2724_p2             |     +    |      0|  0|   2|           4|           4|
    |tmp_91_fu_2830_p2             |     +    |      0|  0|   5|           5|           5|
    |tmp_97_fu_2937_p2             |     +    |      0|  0|   5|           5|           5|
    |ap_condition_1260             |    and   |      0|  0|   1|           1|           1|
    |ap_condition_527              |    and   |      0|  0|   1|           1|           1|
    |ap_condition_5279             |    and   |      0|  0|   1|           1|           1|
    |ap_condition_539              |    and   |      0|  0|   1|           1|           1|
    |ap_condition_575              |    and   |      0|  0|   1|           1|           1|
    |ap_condition_671              |    and   |      0|  0|   1|           1|           1|
    |exitcond1_fu_1398_p2          |   icmp   |      0|  0|   3|           6|           7|
    |exitcond2_fu_1329_p2          |   icmp   |      0|  0|   3|           6|           7|
    |icmp1_fu_1207_p2              |   icmp   |      0|  0|  10|          28|           1|
    |icmp2_fu_1313_p2              |   icmp   |      0|  0|   9|          27|           1|
    |icmp4_fu_1115_p2              |   icmp   |      0|  0|  10|          30|           1|
    |icmp7_fu_1149_p2              |   icmp   |      0|  0|  10|          29|           1|
    |icmp_fu_1093_p2               |   icmp   |      0|  0|  11|          31|           1|
    |tmp_4_fu_1414_p2              |   icmp   |      0|  0|  11|          32|          32|
    |tmp_7_10_fu_1191_p2           |   icmp   |      0|  0|  11|          32|           4|
    |tmp_7_11_fu_1213_p2           |   icmp   |      0|  0|  11|          32|           5|
    |tmp_7_12_fu_1219_p2           |   icmp   |      0|  0|  11|          32|           5|
    |tmp_7_13_fu_1225_p2           |   icmp   |      0|  0|  11|          32|           5|
    |tmp_7_14_fu_1231_p2           |   icmp   |      0|  0|  11|          32|           5|
    |tmp_7_15_fu_1237_p2           |   icmp   |      0|  0|  11|          32|           5|
    |tmp_7_16_fu_1243_p2           |   icmp   |      0|  0|  11|          32|           5|
    |tmp_7_17_fu_1249_p2           |   icmp   |      0|  0|  11|          32|           5|
    |tmp_7_18_fu_1255_p2           |   icmp   |      0|  0|  11|          32|           5|
    |tmp_7_19_fu_1261_p2           |   icmp   |      0|  0|  11|          32|           5|
    |tmp_7_1_fu_1173_p2            |   icmp   |      0|  0|  11|          32|           4|
    |tmp_7_20_fu_1267_p2           |   icmp   |      0|  0|  11|          32|           5|
    |tmp_7_21_fu_1273_p2           |   icmp   |      0|  0|  11|          32|           5|
    |tmp_7_22_fu_1279_p2           |   icmp   |      0|  0|  11|          32|           5|
    |tmp_7_23_fu_1285_p2           |   icmp   |      0|  0|  11|          32|           5|
    |tmp_7_24_fu_1291_p2           |   icmp   |      0|  0|  11|          32|           5|
    |tmp_7_25_fu_1297_p2           |   icmp   |      0|  0|  11|          32|           5|
    |tmp_7_2_fu_1099_p2            |   icmp   |      0|  0|  11|          32|           2|
    |tmp_7_3_fu_1179_p2            |   icmp   |      0|  0|  11|          32|           4|
    |tmp_7_4_fu_1121_p2            |   icmp   |      0|  0|  11|          32|           3|
    |tmp_7_5_fu_1127_p2            |   icmp   |      0|  0|  11|          32|           3|
    |tmp_7_6_fu_1133_p2            |   icmp   |      0|  0|  11|          32|           3|
    |tmp_7_7_fu_1185_p2            |   icmp   |      0|  0|  11|          32|           4|
    |tmp_7_8_fu_1155_p2            |   icmp   |      0|  0|  11|          32|           4|
    |tmp_7_9_fu_1161_p2            |   icmp   |      0|  0|  11|          32|           4|
    |tmp_7_s_fu_1167_p2            |   icmp   |      0|  0|  11|          32|           4|
    |tmp_fu_1345_p2                |   icmp   |      0|  0|  11|          32|          32|
    +------------------------------+----------+-------+---+----+------------+------------+
    |Total                         |          |      0|  0|2644|        3368|        2494|
    +------------------------------+----------+-------+---+----+------------+------------+

    * Multiplexer: 
    +--------------------------------------------------+-----+-----------+-----+-----------+
    |                       Name                       | LUT | Input Size| Bits| Total Bits|
    +--------------------------------------------------+-----+-----------+-----+-----------+
    |a_0_EN_A                                          |    1|          2|    1|          2|
    |a_1_EN_A                                          |    1|          2|    1|          2|
    |a_2_EN_A                                          |    1|          2|    1|          2|
    |a_3_EN_A                                          |    1|          2|    1|          2|
    |ap_NS_fsm                                         |  672|        256|    1|        256|
    |ap_phi_precharge_reg_pp0_iter0_tmp_1_10_reg_489   |   32|          2|   32|         64|
    |ap_phi_precharge_reg_pp0_iter0_tmp_1_11_reg_512   |   32|          2|   32|         64|
    |ap_phi_precharge_reg_pp0_iter0_tmp_1_12_reg_535   |   32|          2|   32|         64|
    |ap_phi_precharge_reg_pp0_iter0_tmp_1_13_reg_558   |   32|          2|   32|         64|
    |ap_phi_precharge_reg_pp0_iter0_tmp_1_14_reg_582   |   32|          2|   32|         64|
    |ap_phi_precharge_reg_pp0_iter0_tmp_1_15_reg_605   |   32|          2|   32|         64|
    |ap_phi_precharge_reg_pp0_iter0_tmp_1_16_reg_628   |   32|          2|   32|         64|
    |ap_phi_precharge_reg_pp0_iter0_tmp_1_17_reg_651   |   32|          2|   32|         64|
    |ap_phi_precharge_reg_pp0_iter0_tmp_1_18_reg_674   |   32|          2|   32|         64|
    |ap_phi_precharge_reg_pp0_iter0_tmp_1_19_reg_697   |   32|          2|   32|         64|
    |ap_phi_precharge_reg_pp0_iter0_tmp_1_1_reg_257    |   32|          2|   32|         64|
    |ap_phi_precharge_reg_pp0_iter0_tmp_1_20_reg_720   |   32|          2|   32|         64|
    |ap_phi_precharge_reg_pp0_iter0_tmp_1_21_reg_743   |   32|          2|   32|         64|
    |ap_phi_precharge_reg_pp0_iter0_tmp_1_22_reg_766   |   32|          2|   32|         64|
    |ap_phi_precharge_reg_pp0_iter0_tmp_1_23_reg_789   |   32|          2|   32|         64|
    |ap_phi_precharge_reg_pp0_iter0_tmp_1_24_reg_812   |   32|          2|   32|         64|
    |ap_phi_precharge_reg_pp0_iter0_tmp_1_25_reg_835   |   32|          2|   32|         64|
    |ap_phi_precharge_reg_pp0_iter0_tmp_1_26_reg_858   |   32|          2|   32|         64|
    |ap_phi_precharge_reg_pp0_iter0_tmp_1_27_reg_881   |   32|          2|   32|         64|
    |ap_phi_precharge_reg_pp0_iter0_tmp_1_28_reg_904   |   32|          2|   32|         64|
    |ap_phi_precharge_reg_pp0_iter0_tmp_1_29_reg_927   |   32|          2|   32|         64|
    |ap_phi_precharge_reg_pp0_iter0_tmp_1_2_reg_279    |   32|          2|   32|         64|
    |ap_phi_precharge_reg_pp0_iter0_tmp_1_3_reg_303    |   32|          2|   32|         64|
    |ap_phi_precharge_reg_pp0_iter0_tmp_1_4_reg_327    |   32|          2|   32|         64|
    |ap_phi_precharge_reg_pp0_iter0_tmp_1_5_reg_350    |   32|          2|   32|         64|
    |ap_phi_precharge_reg_pp0_iter0_tmp_1_6_reg_373    |   32|          2|   32|         64|
    |ap_phi_precharge_reg_pp0_iter0_tmp_1_7_reg_397    |   32|          2|   32|         64|
    |ap_phi_precharge_reg_pp0_iter0_tmp_1_8_reg_420    |   32|          2|   32|         64|
    |ap_phi_precharge_reg_pp0_iter0_tmp_1_9_reg_443    |   32|          2|   32|         64|
    |ap_phi_precharge_reg_pp0_iter0_tmp_1_s_reg_466    |   32|          2|   32|         64|
    |b_0_Addr_A                                        |   32|          4|   32|        128|
    |b_0_EN_A                                          |    1|          4|    1|          4|
    |b_1_Addr_A                                        |   32|          4|   32|        128|
    |b_1_EN_A                                          |    1|          4|    1|          4|
    |b_2_Addr_A                                        |   32|          4|   32|        128|
    |b_2_EN_A                                          |    1|          4|    1|          4|
    |b_3_Addr_A                                        |   32|          4|   32|        128|
    |b_3_EN_A                                          |    1|          4|    1|          4|
    |c_WEN_A                                           |    4|          2|    4|          8|
    |grp_aesl_mux_load_4_256_s_fu_972_empty            |   80|         34|    8|        272|
    |grp_aesl_mux_load_4_256_s_fu_972_empty_15_Dout_A  |   32|          3|   32|         96|
    |grp_aesl_mux_load_4_256_s_fu_972_empty_16_Dout_A  |   32|          3|   32|         96|
    |grp_aesl_mux_load_4_256_s_fu_972_empty_17_Dout_A  |   32|          3|   32|         96|
    |grp_aesl_mux_load_4_256_s_fu_972_empty_18_Dout_A  |   32|          3|   32|         96|
    |grp_aesl_mux_load_4_256_s_fu_972_empty_19         |  570|         34|   57|       1938|
    |grp_aesl_mux_load_4_256_s_fu_990_empty            |   64|         31|    8|        248|
    |grp_aesl_mux_load_4_256_s_fu_990_empty_19         |  456|         31|   57|       1767|
    |grp_fu_1018_p0                                    |  320|         33|   32|       1056|
    |grp_fu_1018_p1                                    |   32|          4|   32|        128|
    |grp_fu_1055_p0                                    |   32|          3|   32|         96|
    |grp_fu_1055_p1                                    |   32|          4|   32|        128|
    |i_phi_fu_237_p4                                   |    6|          2|    6|         12|
    |i_reg_233                                         |    6|          2|    6|         12|
    |k_reg_199                                         |    6|          2|    6|         12|
    |p_a_rec_phi_fu_225_p4                             |   11|          2|   11|         22|
    |p_a_rec_reg_221                                   |   11|          2|   11|         22|
    |p_a_s_phi_fu_965_p4                               |    6|          2|    6|         12|
    |p_b_14_reg_569                                    |    1|          2|    1|          2|
    |p_b_1_phi_fu_248_p4                               |    2|          2|    2|          4|
    |p_b_1_reg_244                                     |    2|          2|    2|          4|
    |p_b_3_reg_290                                     |    1|          2|    1|          2|
    |p_b_4_reg_314                                     |    1|          2|    1|          2|
    |p_b_7_reg_384                                     |    1|          2|    1|          2|
    |p_c_0_idx_fu_178                                  |   64|          2|   64|        128|
    |phi_mul_reg_210                                   |   32|          2|   32|         64|
    |tmp_1_30_phi_fu_953_p4                            |   32|          2|   32|         64|
    +--------------------------------------------------+-----+-----------+-----+-----------+
    |Total                                             | 3668|        574| 1669|       9101|
    +--------------------------------------------------+-----+-----------+-----+-----------+

    * Register: 
    +---------------------------------------------------+-----+----+-----+-----------+
    |                        Name                       |  FF | LUT| Bits| Const Bits|
    +---------------------------------------------------+-----+----+-----+-----------+
    |ap_CS_fsm                                          |  255|   0|  255|          0|
    |ap_enable_reg_pp0_iter0                            |    1|   0|    1|          0|
    |ap_enable_reg_pp0_iter1                            |    1|   0|    1|          0|
    |ap_phi_precharge_reg_pp0_iter0_tmp_1_10_reg_489    |   32|   0|   32|          0|
    |ap_phi_precharge_reg_pp0_iter0_tmp_1_11_reg_512    |   32|   0|   32|          0|
    |ap_phi_precharge_reg_pp0_iter0_tmp_1_12_reg_535    |   32|   0|   32|          0|
    |ap_phi_precharge_reg_pp0_iter0_tmp_1_13_reg_558    |   32|   0|   32|          0|
    |ap_phi_precharge_reg_pp0_iter0_tmp_1_14_reg_582    |   32|   0|   32|          0|
    |ap_phi_precharge_reg_pp0_iter0_tmp_1_15_reg_605    |   32|   0|   32|          0|
    |ap_phi_precharge_reg_pp0_iter0_tmp_1_16_reg_628    |   32|   0|   32|          0|
    |ap_phi_precharge_reg_pp0_iter0_tmp_1_17_reg_651    |   32|   0|   32|          0|
    |ap_phi_precharge_reg_pp0_iter0_tmp_1_18_reg_674    |   32|   0|   32|          0|
    |ap_phi_precharge_reg_pp0_iter0_tmp_1_19_reg_697    |   32|   0|   32|          0|
    |ap_phi_precharge_reg_pp0_iter0_tmp_1_1_reg_257     |   32|   0|   32|          0|
    |ap_phi_precharge_reg_pp0_iter0_tmp_1_20_reg_720    |   32|   0|   32|          0|
    |ap_phi_precharge_reg_pp0_iter0_tmp_1_21_reg_743    |   32|   0|   32|          0|
    |ap_phi_precharge_reg_pp0_iter0_tmp_1_22_reg_766    |   32|   0|   32|          0|
    |ap_phi_precharge_reg_pp0_iter0_tmp_1_23_reg_789    |   32|   0|   32|          0|
    |ap_phi_precharge_reg_pp0_iter0_tmp_1_24_reg_812    |   32|   0|   32|          0|
    |ap_phi_precharge_reg_pp0_iter0_tmp_1_25_reg_835    |   32|   0|   32|          0|
    |ap_phi_precharge_reg_pp0_iter0_tmp_1_26_reg_858    |   32|   0|   32|          0|
    |ap_phi_precharge_reg_pp0_iter0_tmp_1_27_reg_881    |   32|   0|   32|          0|
    |ap_phi_precharge_reg_pp0_iter0_tmp_1_28_reg_904    |   32|   0|   32|          0|
    |ap_phi_precharge_reg_pp0_iter0_tmp_1_29_reg_927    |   32|   0|   32|          0|
    |ap_phi_precharge_reg_pp0_iter0_tmp_1_2_reg_279     |   32|   0|   32|          0|
    |ap_phi_precharge_reg_pp0_iter0_tmp_1_30_reg_950    |   32|   0|   32|          0|
    |ap_phi_precharge_reg_pp0_iter0_tmp_1_3_reg_303     |   32|   0|   32|          0|
    |ap_phi_precharge_reg_pp0_iter0_tmp_1_4_reg_327     |   32|   0|   32|          0|
    |ap_phi_precharge_reg_pp0_iter0_tmp_1_5_reg_350     |   32|   0|   32|          0|
    |ap_phi_precharge_reg_pp0_iter0_tmp_1_6_reg_373     |   32|   0|   32|          0|
    |ap_phi_precharge_reg_pp0_iter0_tmp_1_7_reg_397     |   32|   0|   32|          0|
    |ap_phi_precharge_reg_pp0_iter0_tmp_1_8_reg_420     |   32|   0|   32|          0|
    |ap_phi_precharge_reg_pp0_iter0_tmp_1_9_reg_443     |   32|   0|   32|          0|
    |ap_phi_precharge_reg_pp0_iter0_tmp_1_s_reg_466     |   32|   0|   32|          0|
    |ap_phi_precharge_reg_pp0_iter1_tmp_1_30_reg_950    |   32|   0|   32|          0|
    |ap_pipeline_reg_pp0_iter1_exitcond1_reg_4681       |    1|   0|    1|          0|
    |ap_pipeline_reg_pp0_iter1_tmp_4_reg_4690           |    1|   0|    1|          0|
    |ap_reg_grp_aesl_mux_load_4_256_1_fu_1004_ap_start  |    1|   0|    1|          0|
    |ap_reg_grp_aesl_mux_load_4_256_s_fu_972_ap_start   |    1|   0|    1|          0|
    |ap_reg_grp_aesl_mux_load_4_256_s_fu_990_ap_start   |    1|   0|    1|          0|
    |arrayNo1_cast_reg_4671                             |   24|   0|   24|          0|
    |arrayNo4_cast_reg_4676                             |   56|   0|   57|          1|
    |c_addr_reg_4735                                    |   10|   0|   10|          0|
    |exitcond1_reg_4681                                 |    1|   0|    1|          0|
    |i_1_reg_4685                                       |    6|   0|    6|          0|
    |i_reg_233                                          |    6|   0|    6|          0|
    |icmp1_reg_4511                                     |    1|   0|    1|          0|
    |icmp2_reg_4575                                     |    1|   0|    1|          0|
    |icmp4_reg_4463                                     |    1|   0|    1|          0|
    |icmp7_reg_4479                                     |    1|   0|    1|          0|
    |icmp_reg_4455                                      |    1|   0|    1|          0|
    |k_1_reg_4588                                       |    6|   0|    6|          0|
    |k_reg_199                                          |    6|   0|    6|          0|
    |newIndex9_reg_4666                                 |    8|   0|    8|          0|
    |next_mul_reg_4579                                  |   32|   0|   32|          0|
    |p_a_1_addr_rec_10_reg_5030                         |    4|   0|    4|          0|
    |p_a_1_addr_rec_11_reg_5051                         |    4|   0|    4|          0|
    |p_a_1_addr_rec_12_ca_reg_5077                      |    4|   0|    5|          1|
    |p_a_1_addr_rec_12_reg_5072                         |    4|   0|    4|          0|
    |p_a_1_addr_rec_13_reg_5098                         |    5|   0|    5|          0|
    |p_a_1_addr_rec_14_reg_5129                         |    5|   0|    5|          0|
    |p_a_1_addr_rec_15_reg_5150                         |    5|   0|    5|          0|
    |p_a_1_addr_rec_16_reg_5171                         |    5|   0|    5|          0|
    |p_a_1_addr_rec_17_reg_5192                         |    5|   0|    5|          0|
    |p_a_1_addr_rec_18_reg_5213                         |    5|   0|    5|          0|
    |p_a_1_addr_rec_19_reg_5234                         |    5|   0|    5|          0|
    |p_a_1_addr_rec_1_reg_5009                          |    4|   0|    4|          0|
    |p_a_1_addr_rec_20_reg_5255                         |    5|   0|    5|          0|
    |p_a_1_addr_rec_21_reg_5276                         |    5|   0|    5|          0|
    |p_a_1_addr_rec_22_reg_5297                         |    5|   0|    5|          0|
    |p_a_1_addr_rec_23_reg_5318                         |    5|   0|    5|          0|
    |p_a_1_addr_rec_24_reg_5339                         |    5|   0|    5|          0|
    |p_a_1_addr_rec_25_reg_5360                         |    5|   0|    5|          0|
    |p_a_1_addr_rec_26_reg_5381                         |    5|   0|    5|          0|
    |p_a_1_addr_rec_27_reg_5396                         |    5|   0|    5|          0|
    |p_a_1_addr_rec_28_ca_reg_5411                      |    5|   0|    6|          1|
    |p_a_1_addr_rec_28_reg_5406                         |    5|   0|    5|          0|
    |p_a_1_addr_rec_2_cas_reg_4810                      |    2|   0|    3|          1|
    |p_a_1_addr_rec_2_reg_4805                          |    2|   0|    2|          0|
    |p_a_1_addr_rec_3_reg_4821                          |    3|   0|    3|          0|
    |p_a_1_addr_rec_4_reg_4842                          |    3|   0|    3|          0|
    |p_a_1_addr_rec_5_reg_4868                          |    3|   0|    3|          0|
    |p_a_1_addr_rec_6_cas_reg_4894                      |    3|   0|    4|          1|
    |p_a_1_addr_rec_6_reg_4889                          |    3|   0|    3|          0|
    |p_a_1_addr_rec_7_reg_4915                          |    4|   0|    4|          0|
    |p_a_1_addr_rec_8_reg_4946                          |    4|   0|    4|          0|
    |p_a_1_addr_rec_9_reg_4967                          |    4|   0|    4|          0|
    |p_a_1_addr_rec_s_reg_4988                          |    4|   0|    4|          0|
    |p_a_rec_reg_221                                    |   11|   0|   11|          0|
    |p_b_10_cast_reg_4999                               |    1|   0|    4|          3|
    |p_b_11_cast_reg_5020                               |    1|   0|    4|          3|
    |p_b_12_cast_reg_5041                               |    1|   0|    4|          3|
    |p_b_13_cast_reg_5062                               |    1|   0|    4|          3|
    |p_b_14_reg_569                                     |    1|   0|    1|          0|
    |p_b_15_cast_reg_5119                               |    1|   0|    5|          4|
    |p_b_16_cast_reg_5140                               |    1|   0|    5|          4|
    |p_b_17_cast_reg_5161                               |    1|   0|    5|          4|
    |p_b_18_cast_reg_5182                               |    1|   0|    5|          4|
    |p_b_19_cast_reg_5203                               |    1|   0|    5|          4|
    |p_b_1_reg_244                                      |    2|   0|    2|          0|
    |p_b_20_cast_reg_5224                               |    1|   0|    5|          4|
    |p_b_21_cast_reg_5245                               |    1|   0|    5|          4|
    |p_b_22_cast_reg_5266                               |    1|   0|    5|          4|
    |p_b_23_cast_reg_5287                               |    1|   0|    5|          4|
    |p_b_24_cast_reg_5308                               |    1|   0|    5|          4|
    |p_b_25_cast_reg_5329                               |    1|   0|    5|          4|
    |p_b_26_cast_reg_5350                               |    1|   0|    5|          4|
    |p_b_27_cast_reg_5371                               |    1|   0|    5|          4|
    |p_b_28_cast_reg_5391                               |    1|   0|    5|          4|
    |p_b_3_reg_290                                      |    1|   0|    1|          0|
    |p_b_4_cast_reg_4837                                |    1|   0|    3|          2|
    |p_b_4_reg_314                                      |    1|   0|    1|          0|
    |p_b_5_cast_reg_4858                                |    1|   0|    3|          2|
    |p_b_6_cast_reg_4879                                |    1|   0|    3|          2|
    |p_b_7_reg_384                                      |    1|   0|    1|          0|
    |p_b_8_cast_reg_4936                                |    1|   0|    4|          3|
    |p_b_9_cast_reg_4957                                |    1|   0|    4|          3|
    |p_b_cast_reg_4978                                  |    1|   0|    4|          3|
    |p_c_0_idx_fu_178                                   |   64|   0|   64|          0|
    |phi_mul_reg_210                                    |   32|   0|   32|          0|
    |tmp1_reg_4926                                      |    3|   0|    3|          0|
    |tmp21_reg_5083                                     |    4|   0|    4|          0|
    |tmp23_reg_5109                                     |    4|   0|    4|          0|
    |tmp8_reg_4900                                      |    3|   0|    3|          0|
    |tmp_100_cast_reg_5145                              |    1|   0|    2|          1|
    |tmp_106_cast_reg_5166                              |    1|   0|    2|          1|
    |tmp_112_cast_reg_5187                              |    1|   0|    2|          1|
    |tmp_118_cast_reg_5208                              |    1|   0|    2|          1|
    |tmp_124_cast_reg_5229                              |    1|   0|    2|          1|
    |tmp_130_cast_reg_5250                              |    1|   0|    2|          1|
    |tmp_136_cast_reg_5271                              |    1|   0|    2|          1|
    |tmp_142_cast_reg_5292                              |    1|   0|    2|          1|
    |tmp_148_cast_reg_5313                              |    1|   0|    2|          1|
    |tmp_154_cast_reg_5334                              |    1|   0|    2|          1|
    |tmp_160_cast_reg_5355                              |    1|   0|    2|          1|
    |tmp_166_cast_reg_5376                              |    1|   0|    2|          1|
    |tmp_17_cast1_reg_4827                              |    1|   0|    2|          1|
    |tmp_192_reg_4631                                   |    8|   0|    8|          0|
    |tmp_193_reg_4694                                   |    8|   0|    8|          0|
    |tmp_194_reg_4740                                   |   10|   0|   10|          0|
    |tmp_1_10_reg_489                                   |   32|   0|   32|          0|
    |tmp_1_11_reg_512                                   |   32|   0|   32|          0|
    |tmp_1_12_reg_535                                   |   32|   0|   32|          0|
    |tmp_1_13_reg_558                                   |   32|   0|   32|          0|
    |tmp_1_14_reg_582                                   |   32|   0|   32|          0|
    |tmp_1_15_reg_605                                   |   32|   0|   32|          0|
    |tmp_1_16_reg_628                                   |   32|   0|   32|          0|
    |tmp_1_17_reg_651                                   |   32|   0|   32|          0|
    |tmp_1_18_reg_674                                   |   32|   0|   32|          0|
    |tmp_1_19_reg_697                                   |   32|   0|   32|          0|
    |tmp_1_1_reg_257                                    |   32|   0|   32|          0|
    |tmp_1_20_reg_720                                   |   32|   0|   32|          0|
    |tmp_1_21_reg_743                                   |   32|   0|   32|          0|
    |tmp_1_22_reg_766                                   |   32|   0|   32|          0|
    |tmp_1_23_reg_789                                   |   32|   0|   32|          0|
    |tmp_1_24_reg_812                                   |   32|   0|   32|          0|
    |tmp_1_25_reg_835                                   |   32|   0|   32|          0|
    |tmp_1_26_reg_858                                   |   32|   0|   32|          0|
    |tmp_1_27_reg_881                                   |   32|   0|   32|          0|
    |tmp_1_28_reg_904                                   |   32|   0|   32|          0|
    |tmp_1_29_reg_927                                   |   32|   0|   32|          0|
    |tmp_1_2_reg_279                                    |   32|   0|   32|          0|
    |tmp_1_3_reg_303                                    |   32|   0|   32|          0|
    |tmp_1_4_reg_327                                    |   32|   0|   32|          0|
    |tmp_1_5_reg_350                                    |   32|   0|   32|          0|
    |tmp_1_6_reg_373                                    |   32|   0|   32|          0|
    |tmp_1_7_reg_397                                    |   32|   0|   32|          0|
    |tmp_1_8_reg_420                                    |   32|   0|   32|          0|
    |tmp_1_9_reg_443                                    |   32|   0|   32|          0|
    |tmp_1_s_reg_466                                    |   32|   0|   32|          0|
    |tmp_22_cast1_reg_4848                              |    1|   0|    2|          1|
    |tmp_28_cast_reg_4863                               |    1|   0|    2|          1|
    |tmp_34_cast_reg_4884                               |    1|   0|    2|          1|
    |tmp_3_cast_reg_4597                                |   33|   0|   33|          0|
    |tmp_40_cast1_reg_4921                              |    1|   0|    3|          2|
    |tmp_40_cast_reg_4910                               |    1|   0|    2|          1|
    |tmp_46_cast_reg_4941                               |    1|   0|    2|          1|
    |tmp_4_reg_4690                                     |    1|   0|    1|          0|
    |tmp_52_cast_reg_4962                               |    1|   0|    2|          1|
    |tmp_58_cast_reg_4983                               |    1|   0|    2|          1|
    |tmp_64_cast_reg_5004                               |    1|   0|    2|          1|
    |tmp_6_reg_4730                                     |   32|   0|   32|          0|
    |tmp_70_cast_reg_5025                               |    1|   0|    2|          1|
    |tmp_76_cast_reg_5046                               |    1|   0|    2|          1|
    |tmp_7_10_reg_4507                                  |    1|   0|    1|          0|
    |tmp_7_11_reg_4515                                  |    1|   0|    1|          0|
    |tmp_7_12_reg_4519                                  |    1|   0|    1|          0|
    |tmp_7_13_reg_4523                                  |    1|   0|    1|          0|
    |tmp_7_14_reg_4527                                  |    1|   0|    1|          0|
    |tmp_7_15_reg_4531                                  |    1|   0|    1|          0|
    |tmp_7_16_reg_4535                                  |    1|   0|    1|          0|
    |tmp_7_17_reg_4539                                  |    1|   0|    1|          0|
    |tmp_7_18_reg_4543                                  |    1|   0|    1|          0|
    |tmp_7_19_reg_4547                                  |    1|   0|    1|          0|
    |tmp_7_1_reg_4495                                   |    1|   0|    1|          0|
    |tmp_7_20_reg_4551                                  |    1|   0|    1|          0|
    |tmp_7_21_reg_4555                                  |    1|   0|    1|          0|
    |tmp_7_22_reg_4559                                  |    1|   0|    1|          0|
    |tmp_7_23_reg_4563                                  |    1|   0|    1|          0|
    |tmp_7_24_reg_4567                                  |    1|   0|    1|          0|
    |tmp_7_25_reg_4571                                  |    1|   0|    1|          0|
    |tmp_7_2_reg_4459                                   |    1|   0|    1|          0|
    |tmp_7_3_reg_4499                                   |    1|   0|    1|          0|
    |tmp_7_4_reg_4467                                   |    1|   0|    1|          0|
    |tmp_7_5_reg_4471                                   |    1|   0|    1|          0|
    |tmp_7_6_reg_4475                                   |    1|   0|    1|          0|
    |tmp_7_7_reg_4503                                   |    1|   0|    1|          0|
    |tmp_7_8_reg_4483                                   |    1|   0|    1|          0|
    |tmp_7_9_reg_4487                                   |    1|   0|    1|          0|
    |tmp_7_reg_4779                                     |   32|   0|   32|          0|
    |tmp_7_s_reg_4491                                   |    1|   0|    1|          0|
    |tmp_82_cast_reg_5067                               |    1|   0|    2|          1|
    |tmp_88_cast1_reg_5104                              |    1|   0|    4|          3|
    |tmp_88_cast_reg_5093                               |    1|   0|    2|          1|
    |tmp_8_reg_4774                                     |   32|   0|   32|          0|
    |tmp_94_cast_reg_5124                               |    1|   0|    2|          1|
    |tmp_9_1_reg_4784                                   |   32|   0|   32|          0|
    |tmp_s_reg_4789                                     |   32|   0|   32|          0|
    +---------------------------------------------------+-----+----+-----+-----------+
    |Total                                              | 2971|   0| 3090|        119|
    +---------------------------------------------------+-----+----+-----+-----------+



================================================================
== Interface
================================================================
* Summary: 
+------------+-----+-----+------------+--------------+--------------+
|  RTL Ports | Dir | Bits|  Protocol  | Source Object|    C Type    |
+------------+-----+-----+------------+--------------+--------------+
|ap_clk      |  in |    1| ap_ctrl_hs |   matmul_hw  | return value |
|ap_rst      |  in |    1| ap_ctrl_hs |   matmul_hw  | return value |
|ap_start    |  in |    1| ap_ctrl_hs |   matmul_hw  | return value |
|ap_done     | out |    1| ap_ctrl_hs |   matmul_hw  | return value |
|ap_idle     | out |    1| ap_ctrl_hs |   matmul_hw  | return value |
|ap_ready    | out |    1| ap_ctrl_hs |   matmul_hw  | return value |
|a_0_Addr_A  | out |   32|    bram    |      a_0     |     array    |
|a_0_EN_A    | out |    1|    bram    |      a_0     |     array    |
|a_0_WEN_A   | out |    4|    bram    |      a_0     |     array    |
|a_0_Din_A   | out |   32|    bram    |      a_0     |     array    |
|a_0_Dout_A  |  in |   32|    bram    |      a_0     |     array    |
|a_0_Clk_A   | out |    1|    bram    |      a_0     |     array    |
|a_0_Rst_A   | out |    1|    bram    |      a_0     |     array    |
|a_1_Addr_A  | out |   32|    bram    |      a_1     |     array    |
|a_1_EN_A    | out |    1|    bram    |      a_1     |     array    |
|a_1_WEN_A   | out |    4|    bram    |      a_1     |     array    |
|a_1_Din_A   | out |   32|    bram    |      a_1     |     array    |
|a_1_Dout_A  |  in |   32|    bram    |      a_1     |     array    |
|a_1_Clk_A   | out |    1|    bram    |      a_1     |     array    |
|a_1_Rst_A   | out |    1|    bram    |      a_1     |     array    |
|a_2_Addr_A  | out |   32|    bram    |      a_2     |     array    |
|a_2_EN_A    | out |    1|    bram    |      a_2     |     array    |
|a_2_WEN_A   | out |    4|    bram    |      a_2     |     array    |
|a_2_Din_A   | out |   32|    bram    |      a_2     |     array    |
|a_2_Dout_A  |  in |   32|    bram    |      a_2     |     array    |
|a_2_Clk_A   | out |    1|    bram    |      a_2     |     array    |
|a_2_Rst_A   | out |    1|    bram    |      a_2     |     array    |
|a_3_Addr_A  | out |   32|    bram    |      a_3     |     array    |
|a_3_EN_A    | out |    1|    bram    |      a_3     |     array    |
|a_3_WEN_A   | out |    4|    bram    |      a_3     |     array    |
|a_3_Din_A   | out |   32|    bram    |      a_3     |     array    |
|a_3_Dout_A  |  in |   32|    bram    |      a_3     |     array    |
|a_3_Clk_A   | out |    1|    bram    |      a_3     |     array    |
|a_3_Rst_A   | out |    1|    bram    |      a_3     |     array    |
|b_0_Addr_A  | out |   32|    bram    |      b_0     |     array    |
|b_0_EN_A    | out |    1|    bram    |      b_0     |     array    |
|b_0_WEN_A   | out |    4|    bram    |      b_0     |     array    |
|b_0_Din_A   | out |   32|    bram    |      b_0     |     array    |
|b_0_Dout_A  |  in |   32|    bram    |      b_0     |     array    |
|b_0_Clk_A   | out |    1|    bram    |      b_0     |     array    |
|b_0_Rst_A   | out |    1|    bram    |      b_0     |     array    |
|b_1_Addr_A  | out |   32|    bram    |      b_1     |     array    |
|b_1_EN_A    | out |    1|    bram    |      b_1     |     array    |
|b_1_WEN_A   | out |    4|    bram    |      b_1     |     array    |
|b_1_Din_A   | out |   32|    bram    |      b_1     |     array    |
|b_1_Dout_A  |  in |   32|    bram    |      b_1     |     array    |
|b_1_Clk_A   | out |    1|    bram    |      b_1     |     array    |
|b_1_Rst_A   | out |    1|    bram    |      b_1     |     array    |
|b_2_Addr_A  | out |   32|    bram    |      b_2     |     array    |
|b_2_EN_A    | out |    1|    bram    |      b_2     |     array    |
|b_2_WEN_A   | out |    4|    bram    |      b_2     |     array    |
|b_2_Din_A   | out |   32|    bram    |      b_2     |     array    |
|b_2_Dout_A  |  in |   32|    bram    |      b_2     |     array    |
|b_2_Clk_A   | out |    1|    bram    |      b_2     |     array    |
|b_2_Rst_A   | out |    1|    bram    |      b_2     |     array    |
|b_3_Addr_A  | out |   32|    bram    |      b_3     |     array    |
|b_3_EN_A    | out |    1|    bram    |      b_3     |     array    |
|b_3_WEN_A   | out |    4|    bram    |      b_3     |     array    |
|b_3_Din_A   | out |   32|    bram    |      b_3     |     array    |
|b_3_Dout_A  |  in |   32|    bram    |      b_3     |     array    |
|b_3_Clk_A   | out |    1|    bram    |      b_3     |     array    |
|b_3_Rst_A   | out |    1|    bram    |      b_3     |     array    |
|c_Addr_A    | out |   32|    bram    |       c      |     array    |
|c_EN_A      | out |    1|    bram    |       c      |     array    |
|c_WEN_A     | out |    4|    bram    |       c      |     array    |
|c_Din_A     | out |   32|    bram    |       c      |     array    |
|c_Dout_A    |  in |   32|    bram    |       c      |     array    |
|c_Clk_A     | out |    1|    bram    |       c      |     array    |
|c_Rst_A     | out |    1|    bram    |       c      |     array    |
|size        |  in |   32|   ap_none  |     size     |    scalar    |
+------------+-----+-----+------------+--------------+--------------+

