#-----------------------------------------------------------
# Webtalk v2016.4 (64-bit)
# SW Build 1733598 on Wed Dec 14 22:35:42 MST 2016
# IP Build 1731160 on Wed Dec 14 23:47:21 MST 2016
# Start of session at: Wed Apr 19 15:32:28 2017
# Process ID: 5316
# Current directory: /home/andreas/github/bachelor_project_HLS/hls/tacle-bench/kernel/minver/hls_minver/solution1/sim/vhdl
# Command line: wbtcv -mode batch -source /home/andreas/github/bachelor_project_HLS/hls/tacle-bench/kernel/minver/hls_minver/solution1/sim/vhdl/xsim.dir/minver_minver_hwa/webtalk/xsim_webtalk.tcl -notrace
# Log file: /home/andreas/github/bachelor_project_HLS/hls/tacle-bench/kernel/minver/hls_minver/solution1/sim/vhdl/webtalk.log
# Journal file: /home/andreas/github/bachelor_project_HLS/hls/tacle-bench/kernel/minver/hls_minver/solution1/sim/vhdl/webtalk.jou
#-----------------------------------------------------------
source /home/andreas/github/bachelor_project_HLS/hls/tacle-bench/kernel/minver/hls_minver/solution1/sim/vhdl/xsim.dir/minver_minver_hwa/webtalk/xsim_webtalk.tcl -notrace
