

================================================================
== Vivado HLS Report for 'list_multiply'
================================================================
* Date:           Mon Mar 27 20:20:19 2017

* Version:        2016.4 (Build 1733598 on Wed Dec 14 22:59:20 MST 2016)
* Project:        hls_list_multiply
* Solution:       test
* Product family: artix7
* Target device:  xc7a100tcsg324-1


================================================================
== Performance Estimates
================================================================
+ Timing (ns): 
    * Summary: 
    +--------+-------+----------+------------+
    |  Clock | Target| Estimated| Uncertainty|
    +--------+-------+----------+------------+
    |ap_clk  |  10.00|      3.96|        1.25|
    +--------+-------+----------+------------+

+ Latency (clock cycles): 
    * Summary: 
    +-----+-----+-----+-----+---------+
    |  Latency  |  Interval | Pipeline|
    | min | max | min | max |   Type  |
    +-----+-----+-----+-----+---------+
    |   10|   10|   11|   11|   none  |
    +-----+-----+-----+-----+---------+

    + Detail: 
        * Instance: 
        N/A

        * Loop: 
        +----------+-----+-----+----------+-----------+-----------+------+----------+
        |          |  Latency  | Iteration|  Initiation Interval  | Trip |          |
        | Loop Name| min | max |  Latency |  achieved |   target  | Count| Pipelined|
        +----------+-----+-----+----------+-----------+-----------+------+----------+
        |- Loop 1  |    3|    3|         2|          1|          1|     3|    yes   |
        |- Loop 2  |    3|    3|         1|          1|          1|     3|    yes   |
        +----------+-----+-----+----------+-----------+-----------+------+----------+



================================================================
== Utilization Estimates
================================================================
* Summary: 
+-----------------+---------+-------+--------+-------+
|       Name      | BRAM_18K| DSP48E|   FF   |  LUT  |
+-----------------+---------+-------+--------+-------+
|DSP              |        -|      -|       -|      -|
|Expression       |        -|      -|       0|    168|
|FIFO             |        -|      -|       -|      -|
|Instance         |        -|      -|       0|     32|
|Memory           |        -|      -|       -|      -|
|Multiplexer      |        -|      -|       -|     41|
|Register         |        -|      -|     110|      -|
+-----------------+---------+-------+--------+-------+
|Total            |        0|      0|     110|    241|
+-----------------+---------+-------+--------+-------+
|Available        |      270|    240|  126800|  63400|
+-----------------+---------+-------+--------+-------+
|Utilization (%)  |        0|      0|   ~0   |   ~0  |
+-----------------+---------+-------+--------+-------+

+ Detail: 
    * Instance: 
    +-------------------------+----------------------+---------+-------+---+----+
    |         Instance        |        Module        | BRAM_18K| DSP48E| FF| LUT|
    +-------------------------+----------------------+---------+-------+---+----+
    |list_multiply_muxbkb_U1  |list_multiply_muxbkb  |        0|      0|  0|  32|
    +-------------------------+----------------------+---------+-------+---+----+
    |Total                    |                      |        0|      0|  0|  32|
    +-------------------------+----------------------+---------+-------+---+----+

    * DSP48: 
    N/A

    * Memory: 
    N/A

    * FIFO: 
    N/A

    * Expression: 
    +---------------------+----------+-------+---+----+------------+------------+
    |    Variable Name    | Operation| DSP48E| FF| LUT| Bitwidth P0| Bitwidth P1|
    +---------------------+----------+-------+---+----+------------+------------+
    |i_2_fu_134_p2        |     +    |      0|  0|   2|           2|           1|
    |i_3_fu_204_p2        |     +    |      0|  0|   2|           2|           1|
    |exitcond1_fu_128_p2  |   icmp   |      0|  0|   1|           2|           2|
    |exitcond_fu_198_p2   |   icmp   |      0|  0|   1|           2|           2|
    |sel_tmp5_fu_151_p2   |   icmp   |      0|  0|   1|           2|           1|
    |sel_tmp_fu_145_p2    |   icmp   |      0|  0|   1|           2|           1|
    |tmp_2_1_fu_170_p3    |  select  |      0|  0|  32|           1|          32|
    |tmp_2_2_fu_177_p3    |  select  |      0|  0|  32|           1|          32|
    |tmp_2_3_fu_184_p3    |  select  |      0|  0|  32|           1|          32|
    |tmp_2_5_fu_191_p3    |  select  |      0|  0|  32|           1|          32|
    |tmp_2_fu_163_p3      |  select  |      0|  0|  32|           1|          32|
    +---------------------+----------+-------+---+----+------------+------------+
    |Total                |          |      0|  0| 168|          17|         168|
    +---------------------+----------+-------+---+----+------------+------------+

    * Multiplexer: 
    +---------------+----+-----------+-----+-----------+
    |      Name     | LUT| Input Size| Bits| Total Bits|
    +---------------+----+-----------+-----+-----------+
    |a_Addr_A_orig  |  32|          3|   32|         96|
    |a_WEN_A        |   4|          2|    4|          8|
    |ap_NS_fsm      |   1|          6|    1|          6|
    |i_1_reg_117    |   2|          2|    2|          4|
    |i_reg_106      |   2|          2|    2|          4|
    +---------------+----+-----------+-----+-----------+
    |Total          |  41|         15|   41|        118|
    +---------------+----+-----------+-----+-----------+

    * Register: 
    +-------------------------+----+----+-----+-----------+
    |           Name          | FF | LUT| Bits| Const Bits|
    +-------------------------+----+----+-----+-----------+
    |ap_CS_fsm                |   5|   0|    5|          0|
    |ap_enable_reg_pp0_iter0  |   1|   0|    1|          0|
    |ap_enable_reg_pp0_iter1  |   1|   0|    1|          0|
    |exitcond1_reg_228        |   1|   0|    1|          0|
    |i_1_reg_117              |   2|   0|    2|          0|
    |i_reg_106                |   2|   0|    2|          0|
    |sel_tmp5_reg_248         |   1|   0|    1|          0|
    |sel_tmp_reg_242          |   1|   0|    1|          0|
    |tmp_1_s_reg_82           |  32|   0|   32|          0|
    |tmp_2_4_reg_94           |  32|   0|   32|          0|
    |tmp_2_s_reg_70           |  32|   0|   32|          0|
    +-------------------------+----+----+-----+-----------+
    |Total                    | 110|   0|  110|          0|
    +-------------------------+----+----+-----+-----------+



================================================================
== Interface
================================================================
* Summary: 
+----------+-----+-----+------------+---------------+--------------+
| RTL Ports| Dir | Bits|  Protocol  | Source Object |    C Type    |
+----------+-----+-----+------------+---------------+--------------+
|ap_clk    |  in |    1| ap_ctrl_hs | list_multiply | return value |
|ap_rst    |  in |    1| ap_ctrl_hs | list_multiply | return value |
|ap_start  |  in |    1| ap_ctrl_hs | list_multiply | return value |
|ap_done   | out |    1| ap_ctrl_hs | list_multiply | return value |
|ap_idle   | out |    1| ap_ctrl_hs | list_multiply | return value |
|ap_ready  | out |    1| ap_ctrl_hs | list_multiply | return value |
|a_Addr_A  | out |   32|    bram    |       a       |     array    |
|a_EN_A    | out |    1|    bram    |       a       |     array    |
|a_WEN_A   | out |    4|    bram    |       a       |     array    |
|a_Din_A   | out |   32|    bram    |       a       |     array    |
|a_Dout_A  |  in |   32|    bram    |       a       |     array    |
|a_Clk_A   | out |    1|    bram    |       a       |     array    |
|a_Rst_A   | out |    1|    bram    |       a       |     array    |
+----------+-----+-----+------------+---------------+--------------+

