

================================================================
== Vivado HLS Report for 'matmul_hw'
================================================================
* Date:           Wed Jun 14 06:53:42 2017

* Version:        2016.4 (Build 1733598 on Wed Dec 14 22:59:20 MST 2016)
* Project:        hls_matmul_float
* Solution:       matmul_9b_16x16
* Product family: artix7
* Target device:  xc7a100tcsg324-1


================================================================
== Performance Estimates
================================================================
+ Timing (ns): 
    * Summary: 
    +--------+-------+----------+------------+
    |  Clock | Target| Estimated| Uncertainty|
    +--------+-------+----------+------------+
    |ap_clk  |  10.00|      9.44|        1.25|
    +--------+-------+----------+------------+

+ Latency (clock cycles): 
    * Summary: 
    +------+------+------+------+---------+
    |   Latency   |   Interval  | Pipeline|
    |  min |  max |  min |  max |   Type  |
    +------+------+------+------+---------+
    |  4167|  4167|  4168|  4168|   none  |
    +------+------+------+------+---------+

    + Detail: 
        * Instance: 
        N/A

        * Loop: 
        +----------+------+------+----------+-----------+-----------+------+----------+
        |          |   Latency   | Iteration|  Initiation Interval  | Trip |          |
        | Loop Name|  min |  max |  Latency |  achieved |   target  | Count| Pipelined|
        +----------+------+------+----------+-----------+-----------+------+----------+
        |- L_col   |  4165|  4165|        86|         16|          1|   256|    yes   |
        +----------+------+------+----------+-----------+-----------+------+----------+



================================================================
== Utilization Estimates
================================================================
* Summary: 
+-----------------+---------+-------+--------+-------+
|       Name      | BRAM_18K| DSP48E|   FF   |  LUT  |
+-----------------+---------+-------+--------+-------+
|DSP              |        -|      -|       -|      -|
|Expression       |        -|      -|       0|     57|
|FIFO             |        -|      -|       -|      -|
|Instance         |        -|      5|     348|    345|
|Memory           |        -|      -|       -|      -|
|Multiplexer      |        -|      -|       -|    718|
|Register         |        -|      -|    1619|    299|
+-----------------+---------+-------+--------+-------+
|Total            |        0|      5|    1967|   1419|
+-----------------+---------+-------+--------+-------+
|Available        |      270|    240|  126800|  63400|
+-----------------+---------+-------+--------+-------+
|Utilization (%)  |        0|      2|       1|      2|
+-----------------+---------+-------+--------+-------+

+ Detail: 
    * Instance: 
    +-------------------------+----------------------+---------+-------+-----+-----+
    |         Instance        |        Module        | BRAM_18K| DSP48E|  FF | LUT |
    +-------------------------+----------------------+---------+-------+-----+-----+
    |matmul_hw_fadd_32fYi_U1  |matmul_hw_fadd_32fYi  |        0|      2|  205|  205|
    |matmul_hw_fmul_32g8j_U2  |matmul_hw_fmul_32g8j  |        0|      3|  143|  140|
    +-------------------------+----------------------+---------+-------+-----+-----+
    |Total                    |                      |        0|      5|  348|  345|
    +-------------------------+----------------------+---------+-------+-----+-----+

    * DSP48: 
    N/A

    * Memory: 
    N/A

    * FIFO: 
    N/A

    * Expression: 
    +----------------------------+----------+-------+---+----+------------+------------+
    |        Variable Name       | Operation| DSP48E| FF| LUT| Bitwidth P0| Bitwidth P1|
    +----------------------------+----------+-------+---+----+------------+------------+
    |grp_fu_444_p2               |     +    |      0|  0|  10|          10|          10|
    |exitcond_flatten_fu_639_p2  |   icmp   |      0|  0|   4|           9|          10|
    |exitcond_fu_645_p2          |   icmp   |      0|  0|   3|           5|           6|
    |tmp_4_fu_691_p2             |    or    |      0|  0|  10|           7|           1|
    |tmp_7_fu_720_p2             |    or    |      0|  0|  10|           7|           2|
    |tmp_9_fu_748_p2             |    or    |      0|  0|  10|           7|           2|
    |j_mid2_fu_651_p3            |  select  |      0|  0|   5|           1|           1|
    |tmp_mid2_v_fu_659_p3        |  select  |      0|  0|   5|           1|           5|
    +----------------------------+----------+-------+---+----+------------+------------+
    |Total                       |          |      0|  0|  57|          47|          37|
    +----------------------------+----------+-------+---+----+------------+------------+

    * Multiplexer: 
    +------------------------------+-----+-----------+-----+-----------+
    |             Name             | LUT | Input Size| Bits| Total Bits|
    +------------------------------+-----+-----------+-----+-----------+
    |a_0_Addr_A_orig               |   32|          5|   32|        160|
    |a_1_Addr_A_orig               |   32|          5|   32|        160|
    |a_2_Addr_A_orig               |   32|          5|   32|        160|
    |a_3_Addr_A_orig               |   32|          5|   32|        160|
    |ap_NS_fsm                     |   15|         19|    1|         19|
    |ap_enable_reg_pp0_iter5       |    1|          2|    1|          2|
    |b_0_Addr_A_orig               |   32|          5|   32|        160|
    |b_1_Addr_A_orig               |   32|          5|   32|        160|
    |b_2_Addr_A_orig               |   32|          5|   32|        160|
    |b_3_Addr_A_orig               |   32|          5|   32|        160|
    |c_WEN_A                       |    4|          2|    4|          8|
    |grp_fu_444_p0                 |   10|          7|   10|         70|
    |grp_fu_444_p1                 |   10|          6|   10|         60|
    |grp_fu_486_p0                 |   32|          7|   32|        224|
    |grp_fu_486_p1                 |  160|         17|   32|        544|
    |grp_fu_543_p0                 |   96|         14|   32|        448|
    |grp_fu_543_p1                 |   96|         14|   32|        448|
    |i_phi_fu_426_p4               |    5|          2|    5|         10|
    |i_reg_422                     |    5|          2|    5|         10|
    |indvar_flatten_phi_fu_414_p4  |    9|          2|    9|         18|
    |indvar_flatten_reg_410        |    9|          2|    9|         18|
    |j_phi_fu_437_p4               |    5|          2|    5|         10|
    |j_reg_433                     |    5|          2|    5|         10|
    +------------------------------+-----+-----------+-----+-----------+
    |Total                         |  718|        140|  448|       3179|
    +------------------------------+-----+-----------+-----+-----------+

    * Register: 
    +--------------------------------------------+----+----+-----+-----------+
    |                    Name                    | FF | LUT| Bits| Const Bits|
    +--------------------------------------------+----+----+-----+-----------+
    |a_1_load_1_reg_984                          |  32|   0|   32|          0|
    |a_1_load_2_reg_1064                         |  32|   0|   32|          0|
    |a_1_load_3_reg_1099                         |  32|   0|   32|          0|
    |a_1_load_reg_904                            |  32|   0|   32|          0|
    |a_2_load_1_reg_994                          |  32|   0|   32|          0|
    |a_2_load_2_reg_1074                         |  32|   0|   32|          0|
    |a_2_load_3_reg_1109                         |  32|   0|   32|          0|
    |a_2_load_reg_914                            |  32|   0|   32|          0|
    |a_3_load_1_reg_1004                         |  32|   0|   32|          0|
    |a_3_load_2_reg_1084                         |  32|   0|   32|          0|
    |a_3_load_3_reg_1119                         |  32|   0|   32|          0|
    |a_3_load_reg_924                            |  32|   0|   32|          0|
    |ap_CS_fsm                                   |  18|   0|   18|          0|
    |ap_enable_reg_pp0_iter0                     |   1|   0|    1|          0|
    |ap_enable_reg_pp0_iter1                     |   1|   0|    1|          0|
    |ap_enable_reg_pp0_iter2                     |   1|   0|    1|          0|
    |ap_enable_reg_pp0_iter3                     |   1|   0|    1|          0|
    |ap_enable_reg_pp0_iter4                     |   1|   0|    1|          0|
    |ap_enable_reg_pp0_iter5                     |   1|   0|    1|          0|
    |ap_pipeline_reg_pp0_iter1_tmp_6_4_reg_1144  |  32|   0|   32|          0|
    |ap_pipeline_reg_pp0_iter1_tmp_6_5_reg_1149  |  32|   0|   32|          0|
    |ap_pipeline_reg_pp0_iter1_tmp_6_6_reg_1154  |  32|   0|   32|          0|
    |b_1_load_1_reg_989                          |  32|   0|   32|          0|
    |b_1_load_2_reg_1069                         |  32|   0|   32|          0|
    |b_1_load_3_reg_1104                         |  32|   0|   32|          0|
    |b_1_load_reg_909                            |  32|   0|   32|          0|
    |b_2_load_1_reg_999                          |  32|   0|   32|          0|
    |b_2_load_2_reg_1079                         |  32|   0|   32|          0|
    |b_2_load_3_reg_1114                         |  32|   0|   32|          0|
    |b_2_load_reg_919                            |  32|   0|   32|          0|
    |b_3_load_1_reg_1009                         |  32|   0|   32|          0|
    |b_3_load_2_reg_1089                         |  32|   0|   32|          0|
    |b_3_load_3_reg_1124                         |  32|   0|   32|          0|
    |b_3_load_reg_929                            |  32|   0|   32|          0|
    |exitcond_flatten_reg_798                    |   1|   0|    1|          0|
    |i_reg_422                                   |   5|   0|    5|          0|
    |indvar_flatten_next_reg_455                 |   9|   0|    9|          0|
    |indvar_flatten_reg_410                      |   9|   0|    9|          0|
    |j_1_reg_460                                 |   5|   0|    5|          0|
    |j_mid2_reg_802                              |   5|   0|    5|          0|
    |j_reg_433                                   |   5|   0|    5|          0|
    |reg_613                                     |  32|   0|   32|          0|
    |reg_618                                     |  32|   0|   32|          0|
    |reg_623                                     |  32|   0|   32|          0|
    |reg_628                                     |  32|   0|   32|          0|
    |reg_633                                     |  32|   0|   32|          0|
    |tmp_15_reg_475                              |  10|   0|   10|          0|
    |tmp_6_10_reg_1179                           |  32|   0|   32|          0|
    |tmp_6_11_reg_1184                           |  32|   0|   32|          0|
    |tmp_6_12_reg_1189                           |  32|   0|   32|          0|
    |tmp_6_13_reg_1194                           |  32|   0|   32|          0|
    |tmp_6_14_reg_1199                           |  32|   0|   32|          0|
    |tmp_6_1_reg_1129                            |  32|   0|   32|          0|
    |tmp_6_2_reg_1134                            |  32|   0|   32|          0|
    |tmp_6_3_reg_1139                            |  32|   0|   32|          0|
    |tmp_6_4_reg_1144                            |  32|   0|   32|          0|
    |tmp_6_5_reg_1149                            |  32|   0|   32|          0|
    |tmp_6_6_reg_1154                            |  32|   0|   32|          0|
    |tmp_6_7_reg_1159                            |  32|   0|   32|          0|
    |tmp_6_8_reg_1164                            |  32|   0|   32|          0|
    |tmp_6_9_reg_1169                            |  32|   0|   32|          0|
    |tmp_6_reg_1094                              |  32|   0|   32|          0|
    |tmp_6_s_reg_1174                            |  32|   0|   32|          0|
    |tmp_mid2_v_reg_811                          |   5|   0|    5|          0|
    |tmp_reg_817                                 |   5|   0|    7|          2|
    |exitcond_flatten_reg_798                    |   0|   1|    1|          0|
    |tmp_15_reg_475                              |   0|  10|   10|          0|
    |tmp_6_10_reg_1179                           |   0|  32|   32|          0|
    |tmp_6_11_reg_1184                           |   0|  32|   32|          0|
    |tmp_6_12_reg_1189                           |   0|  32|   32|          0|
    |tmp_6_13_reg_1194                           |   0|  32|   32|          0|
    |tmp_6_14_reg_1199                           |   0|  32|   32|          0|
    |tmp_6_7_reg_1159                            |   0|  32|   32|          0|
    |tmp_6_8_reg_1164                            |   0|  32|   32|          0|
    |tmp_6_9_reg_1169                            |   0|  32|   32|          0|
    |tmp_6_s_reg_1174                            |   0|  32|   32|          0|
    +--------------------------------------------+----+----+-----+-----------+
    |Total                                       |1619| 299| 1920|          2|
    +--------------------------------------------+----+----+-----+-----------+



================================================================
== Interface
================================================================
* Summary: 
+------------+-----+-----+------------+--------------+--------------+
|  RTL Ports | Dir | Bits|  Protocol  | Source Object|    C Type    |
+------------+-----+-----+------------+--------------+--------------+
|ap_clk      |  in |    1| ap_ctrl_hs |   matmul_hw  | return value |
|ap_rst      |  in |    1| ap_ctrl_hs |   matmul_hw  | return value |
|ap_start    |  in |    1| ap_ctrl_hs |   matmul_hw  | return value |
|ap_done     | out |    1| ap_ctrl_hs |   matmul_hw  | return value |
|ap_idle     | out |    1| ap_ctrl_hs |   matmul_hw  | return value |
|ap_ready    | out |    1| ap_ctrl_hs |   matmul_hw  | return value |
|a_0_Addr_A  | out |   32|    bram    |      a_0     |     array    |
|a_0_EN_A    | out |    1|    bram    |      a_0     |     array    |
|a_0_WEN_A   | out |    4|    bram    |      a_0     |     array    |
|a_0_Din_A   | out |   32|    bram    |      a_0     |     array    |
|a_0_Dout_A  |  in |   32|    bram    |      a_0     |     array    |
|a_0_Clk_A   | out |    1|    bram    |      a_0     |     array    |
|a_0_Rst_A   | out |    1|    bram    |      a_0     |     array    |
|a_1_Addr_A  | out |   32|    bram    |      a_1     |     array    |
|a_1_EN_A    | out |    1|    bram    |      a_1     |     array    |
|a_1_WEN_A   | out |    4|    bram    |      a_1     |     array    |
|a_1_Din_A   | out |   32|    bram    |      a_1     |     array    |
|a_1_Dout_A  |  in |   32|    bram    |      a_1     |     array    |
|a_1_Clk_A   | out |    1|    bram    |      a_1     |     array    |
|a_1_Rst_A   | out |    1|    bram    |      a_1     |     array    |
|a_2_Addr_A  | out |   32|    bram    |      a_2     |     array    |
|a_2_EN_A    | out |    1|    bram    |      a_2     |     array    |
|a_2_WEN_A   | out |    4|    bram    |      a_2     |     array    |
|a_2_Din_A   | out |   32|    bram    |      a_2     |     array    |
|a_2_Dout_A  |  in |   32|    bram    |      a_2     |     array    |
|a_2_Clk_A   | out |    1|    bram    |      a_2     |     array    |
|a_2_Rst_A   | out |    1|    bram    |      a_2     |     array    |
|a_3_Addr_A  | out |   32|    bram    |      a_3     |     array    |
|a_3_EN_A    | out |    1|    bram    |      a_3     |     array    |
|a_3_WEN_A   | out |    4|    bram    |      a_3     |     array    |
|a_3_Din_A   | out |   32|    bram    |      a_3     |     array    |
|a_3_Dout_A  |  in |   32|    bram    |      a_3     |     array    |
|a_3_Clk_A   | out |    1|    bram    |      a_3     |     array    |
|a_3_Rst_A   | out |    1|    bram    |      a_3     |     array    |
|b_0_Addr_A  | out |   32|    bram    |      b_0     |     array    |
|b_0_EN_A    | out |    1|    bram    |      b_0     |     array    |
|b_0_WEN_A   | out |    4|    bram    |      b_0     |     array    |
|b_0_Din_A   | out |   32|    bram    |      b_0     |     array    |
|b_0_Dout_A  |  in |   32|    bram    |      b_0     |     array    |
|b_0_Clk_A   | out |    1|    bram    |      b_0     |     array    |
|b_0_Rst_A   | out |    1|    bram    |      b_0     |     array    |
|b_1_Addr_A  | out |   32|    bram    |      b_1     |     array    |
|b_1_EN_A    | out |    1|    bram    |      b_1     |     array    |
|b_1_WEN_A   | out |    4|    bram    |      b_1     |     array    |
|b_1_Din_A   | out |   32|    bram    |      b_1     |     array    |
|b_1_Dout_A  |  in |   32|    bram    |      b_1     |     array    |
|b_1_Clk_A   | out |    1|    bram    |      b_1     |     array    |
|b_1_Rst_A   | out |    1|    bram    |      b_1     |     array    |
|b_2_Addr_A  | out |   32|    bram    |      b_2     |     array    |
|b_2_EN_A    | out |    1|    bram    |      b_2     |     array    |
|b_2_WEN_A   | out |    4|    bram    |      b_2     |     array    |
|b_2_Din_A   | out |   32|    bram    |      b_2     |     array    |
|b_2_Dout_A  |  in |   32|    bram    |      b_2     |     array    |
|b_2_Clk_A   | out |    1|    bram    |      b_2     |     array    |
|b_2_Rst_A   | out |    1|    bram    |      b_2     |     array    |
|b_3_Addr_A  | out |   32|    bram    |      b_3     |     array    |
|b_3_EN_A    | out |    1|    bram    |      b_3     |     array    |
|b_3_WEN_A   | out |    4|    bram    |      b_3     |     array    |
|b_3_Din_A   | out |   32|    bram    |      b_3     |     array    |
|b_3_Dout_A  |  in |   32|    bram    |      b_3     |     array    |
|b_3_Clk_A   | out |    1|    bram    |      b_3     |     array    |
|b_3_Rst_A   | out |    1|    bram    |      b_3     |     array    |
|c_Addr_A    | out |   32|    bram    |       c      |     array    |
|c_EN_A      | out |    1|    bram    |       c      |     array    |
|c_WEN_A     | out |    4|    bram    |       c      |     array    |
|c_Din_A     | out |   32|    bram    |       c      |     array    |
|c_Dout_A    |  in |   32|    bram    |       c      |     array    |
|c_Clk_A     | out |    1|    bram    |       c      |     array    |
|c_Rst_A     | out |    1|    bram    |       c      |     array    |
+------------+-----+-----+------------+--------------+--------------+

